<6>[    0.000000] Initializing cgroup subsys cpuset
<6>[    0.000000] Initializing cgroup subsys cpu
<6>[    0.000000] Initializing cgroup subsys cpuacct
<5>[    0.000000] Linux version 3.10.0-1160.99.1.el7.x86_64 (mockbuild@kbuilder.bsys.centos.org) (gcc version 4.8.5 20150623 (Red Hat 4.8.5-44) (GCC) ) #1 SMP Wed Sep 13 14:19:20 UTC 2023
<6>[    0.000000] Command line: BOOT_IMAGE=/vmlinuz-3.10.0-1160.99.1.el7.x86_64 root=/dev/mapper/centos-root ro crashkernel=auto spectre_v2=retpoline rd.lvm.lv=centos/root rd.lvm.lv=centos/swap rhgb quiet LANG=fr_FR.UTF-8
<6>[    0.000000] Disabled fast string operations
<6>[    0.000000] e820: BIOS-provided physical RAM map:
<6>[    0.000000] BIOS-e820: [mem 0x0000000000000000-0x000000000009ebff] usable
<6>[    0.000000] BIOS-e820: [mem 0x000000000009ec00-0x000000000009ffff] reserved
<6>[    0.000000] BIOS-e820: [mem 0x00000000000dc000-0x00000000000fffff] reserved
<6>[    0.000000] BIOS-e820: [mem 0x0000000000100000-0x00000000bfecffff] usable
<6>[    0.000000] BIOS-e820: [mem 0x00000000bfed0000-0x00000000bfefefff] ACPI data
<6>[    0.000000] BIOS-e820: [mem 0x00000000bfeff000-0x00000000bfefffff] ACPI NVS
<6>[    0.000000] BIOS-e820: [mem 0x00000000bff00000-0x00000000bfffffff] usable
<6>[    0.000000] BIOS-e820: [mem 0x00000000f0000000-0x00000000f7ffffff] reserved
<6>[    0.000000] BIOS-e820: [mem 0x00000000fec00000-0x00000000fec0ffff] reserved
<6>[    0.000000] BIOS-e820: [mem 0x00000000fee00000-0x00000000fee00fff] reserved
<6>[    0.000000] BIOS-e820: [mem 0x00000000fffe0000-0x00000000ffffffff] reserved
<6>[    0.000000] BIOS-e820: [mem 0x0000000100000000-0x000000010fffffff] usable
<6>[    0.000000] NX (Execute Disable) protection: active
<6>[    0.000000] SMBIOS 2.7 present.
<6>[    0.000000] DMI: VMware, Inc. VMware Virtual Platform/440BX Desktop Reference Platform, BIOS 6.00 07/22/2020
<6>[    0.000000] Hypervisor detected: VMware
<6>[    0.000000] vmware: TSC freq read from hypervisor : 2208.005 MHz
<6>[    0.000000] vmware: Host bus clock speed read from hypervisor : 66000000 Hz
<6>[    0.000000] vmware: using sched offset of 18639666746 ns
<7>[    0.000000] e820: update [mem 0x00000000-0x00000fff] usable ==> reserved
<7>[    0.000000] e820: remove [mem 0x000a0000-0x000fffff] usable
<6>[    0.000000] e820: last_pfn = 0x110000 max_arch_pfn = 0x400000000
<7>[    0.000000] MTRR default type: uncachable
<7>[    0.000000] MTRR fixed ranges enabled:
<7>[    0.000000]   00000-9FFFF write-back
<7>[    0.000000]   A0000-BFFFF uncachable
<7>[    0.000000]   C0000-CBFFF write-protect
<7>[    0.000000]   CC000-EFFFF uncachable
<7>[    0.000000]   F0000-FFFFF write-protect
<7>[    0.000000] MTRR variable ranges enabled:
<7>[    0.000000]   0 base 000000000000 mask 1FF000000000 write-back
<7>[    0.000000]   1 base 0000C0000000 mask 1FFFC0000000 uncachable
<7>[    0.000000]   2 disabled
<7>[    0.000000]   3 disabled
<7>[    0.000000]   4 disabled
<7>[    0.000000]   5 disabled
<7>[    0.000000]   6 disabled
<7>[    0.000000]   7 disabled
<6>[    0.000000] PAT configuration [0-7]: WB  WC  UC- UC  WB  WP  UC- UC  
<7>[    0.000000] original variable MTRRs
<7>[    0.000000] reg 0, base: 0GB, range: 64GB, type WB
<7>[    0.000000] reg 1, base: 3GB, range: 1GB, type UC
<6>[    0.000000] total RAM covered: 64512M
<6>[    0.000000] Found optimal setting for mtrr clean up
<6>[    0.000000]  gran_size: 64K 	chunk_size: 64G 	num_reg: 2  	lose cover RAM: 0G
<7>[    0.000000] New variable MTRRs
<7>[    0.000000] reg 0, base: 0GB, range: 64GB, type WB
<7>[    0.000000] reg 1, base: 3GB, range: 1GB, type UC
<7>[    0.000000] e820: update [mem 0xc0000000-0xffffffff] usable ==> reserved
<6>[    0.000000] e820: last_pfn = 0xc0000 max_arch_pfn = 0x400000000
<6>[    0.000000] found SMP MP-table at [mem 0x000f6a70-0x000f6a7f] mapped at [ffffffffff200a70]
<7>[    0.000000] Base memory trampoline at [ffff8cdf40098000] 98000 size 24576
<6>[    0.000000] Using GB pages for direct mapping
<7>[    0.000000] BRK [0x54ca6000, 0x54ca6fff] PGTABLE
<7>[    0.000000] BRK [0x54ca7000, 0x54ca7fff] PGTABLE
<7>[    0.000000] BRK [0x54ca8000, 0x54ca8fff] PGTABLE
<7>[    0.000000] BRK [0x54ca9000, 0x54ca9fff] PGTABLE
<7>[    0.000000] BRK [0x54caa000, 0x54caafff] PGTABLE
<6>[    0.000000] RAMDISK: [mem 0x34349000-0x3619cfff]
<6>[    0.000000] Early table checksum verification disabled
<4>[    0.000000] ACPI: RSDP 00000000000f6a00 00024 (v02 PTLTD )
<4>[    0.000000] ACPI: XSDT 00000000bfede633 0005C (v01 INTEL  440BX    06040000 VMW  01324272)
<4>[    0.000000] ACPI: FACP 00000000bfefee73 000F4 (v04 INTEL  440BX    06040000 PTL  000F4240)
<4>[    0.000000] ACPI: DSDT 00000000bfee0099 1EDDA (v01 PTLTD  Custom   06040000 MSFT 03000001)
<4>[    0.000000] ACPI: FACS 00000000bfefffc0 00040
<4>[    0.000000] ACPI: BOOT 00000000bfee0071 00028 (v01 PTLTD  $SBFTBL$ 06040000  LTP 00000001)
<4>[    0.000000] ACPI: APIC 00000000bfedf8bd 00742 (v01 PTLTD  ? APIC   06040000  LTP 00000000)
<4>[    0.000000] ACPI: MCFG 00000000bfedf881 0003C (v01 PTLTD  $PCITBL$ 06040000  LTP 00000001)
<4>[    0.000000] ACPI: SRAT 00000000bfede72f 008D0 (v02 VMWARE MEMPLUG  06040000 VMW  00000001)
<4>[    0.000000] ACPI: HPET 00000000bfede6f7 00038 (v01 VMWARE VMW HPET 06040000 VMW  00000001)
<4>[    0.000000] ACPI: WAET 00000000bfede6cf 00028 (v01 VMWARE VMW WAET 06040000 VMW  00000001)
<7>[    0.000000] ACPI: Local APIC address 0xfee00000
<7>[    0.000000] system APIC only can use physical flat
<6>[    0.000000] Setting APIC routing to physical flat.
<6>[    0.000000] SRAT: PXM 0 -> APIC 0x00 -> Node 0
<6>[    0.000000] SRAT: PXM 0 -> APIC 0x01 -> Node 0
<6>[    0.000000] SRAT: PXM 0 -> APIC 0x02 -> Node 0
<6>[    0.000000] SRAT: PXM 0 -> APIC 0x03 -> Node 0
<6>[    0.000000] SRAT: PXM 0 -> APIC 0x04 -> Node 0
<6>[    0.000000] SRAT: PXM 0 -> APIC 0x05 -> Node 0
<6>[    0.000000] SRAT: PXM 0 -> APIC 0x06 -> Node 0
<6>[    0.000000] SRAT: PXM 0 -> APIC 0x07 -> Node 0
<6>[    0.000000] SRAT: PXM 0 -> APIC 0x08 -> Node 0
<6>[    0.000000] SRAT: PXM 0 -> APIC 0x09 -> Node 0
<6>[    0.000000] SRAT: PXM 0 -> APIC 0x0a -> Node 0
<6>[    0.000000] SRAT: PXM 0 -> APIC 0x0b -> Node 0
<6>[    0.000000] SRAT: PXM 0 -> APIC 0x0c -> Node 0
<6>[    0.000000] SRAT: PXM 0 -> APIC 0x0d -> Node 0
<6>[    0.000000] SRAT: PXM 0 -> APIC 0x0e -> Node 0
<6>[    0.000000] SRAT: PXM 0 -> APIC 0x0f -> Node 0
<6>[    0.000000] SRAT: PXM 0 -> APIC 0x10 -> Node 0
<6>[    0.000000] SRAT: PXM 0 -> APIC 0x11 -> Node 0
<6>[    0.000000] SRAT: PXM 0 -> APIC 0x12 -> Node 0
<6>[    0.000000] SRAT: PXM 0 -> APIC 0x13 -> Node 0
<6>[    0.000000] SRAT: PXM 0 -> APIC 0x14 -> Node 0
<6>[    0.000000] SRAT: PXM 0 -> APIC 0x15 -> Node 0
<6>[    0.000000] SRAT: PXM 0 -> APIC 0x16 -> Node 0
<6>[    0.000000] SRAT: PXM 0 -> APIC 0x17 -> Node 0
<6>[    0.000000] SRAT: PXM 0 -> APIC 0x18 -> Node 0
<6>[    0.000000] SRAT: PXM 0 -> APIC 0x19 -> Node 0
<6>[    0.000000] SRAT: PXM 0 -> APIC 0x1a -> Node 0
<6>[    0.000000] SRAT: PXM 0 -> APIC 0x1b -> Node 0
<6>[    0.000000] SRAT: PXM 0 -> APIC 0x1c -> Node 0
<6>[    0.000000] SRAT: PXM 0 -> APIC 0x1d -> Node 0
<6>[    0.000000] SRAT: PXM 0 -> APIC 0x1e -> Node 0
<6>[    0.000000] SRAT: PXM 0 -> APIC 0x1f -> Node 0
<6>[    0.000000] SRAT: PXM 0 -> APIC 0x20 -> Node 0
<6>[    0.000000] SRAT: PXM 0 -> APIC 0x21 -> Node 0
<6>[    0.000000] SRAT: PXM 0 -> APIC 0x22 -> Node 0
<6>[    0.000000] SRAT: PXM 0 -> APIC 0x23 -> Node 0
<6>[    0.000000] SRAT: PXM 0 -> APIC 0x24 -> Node 0
<6>[    0.000000] SRAT: PXM 0 -> APIC 0x25 -> Node 0
<6>[    0.000000] SRAT: PXM 0 -> APIC 0x26 -> Node 0
<6>[    0.000000] SRAT: PXM 0 -> APIC 0x27 -> Node 0
<6>[    0.000000] SRAT: PXM 0 -> APIC 0x28 -> Node 0
<6>[    0.000000] SRAT: PXM 0 -> APIC 0x29 -> Node 0
<6>[    0.000000] SRAT: PXM 0 -> APIC 0x2a -> Node 0
<6>[    0.000000] SRAT: PXM 0 -> APIC 0x2b -> Node 0
<6>[    0.000000] SRAT: PXM 0 -> APIC 0x2c -> Node 0
<6>[    0.000000] SRAT: PXM 0 -> APIC 0x2d -> Node 0
<6>[    0.000000] SRAT: PXM 0 -> APIC 0x2e -> Node 0
<6>[    0.000000] SRAT: PXM 0 -> APIC 0x2f -> Node 0
<6>[    0.000000] SRAT: PXM 0 -> APIC 0x30 -> Node 0
<6>[    0.000000] SRAT: PXM 0 -> APIC 0x31 -> Node 0
<6>[    0.000000] SRAT: PXM 0 -> APIC 0x32 -> Node 0
<6>[    0.000000] SRAT: PXM 0 -> APIC 0x33 -> Node 0
<6>[    0.000000] SRAT: PXM 0 -> APIC 0x34 -> Node 0
<6>[    0.000000] SRAT: PXM 0 -> APIC 0x35 -> Node 0
<6>[    0.000000] SRAT: PXM 0 -> APIC 0x36 -> Node 0
<6>[    0.000000] SRAT: PXM 0 -> APIC 0x37 -> Node 0
<6>[    0.000000] SRAT: PXM 0 -> APIC 0x38 -> Node 0
<6>[    0.000000] SRAT: PXM 0 -> APIC 0x39 -> Node 0
<6>[    0.000000] SRAT: PXM 0 -> APIC 0x3a -> Node 0
<6>[    0.000000] SRAT: PXM 0 -> APIC 0x3b -> Node 0
<6>[    0.000000] SRAT: PXM 0 -> APIC 0x3c -> Node 0
<6>[    0.000000] SRAT: PXM 0 -> APIC 0x3d -> Node 0
<6>[    0.000000] SRAT: PXM 0 -> APIC 0x3e -> Node 0
<6>[    0.000000] SRAT: PXM 0 -> APIC 0x3f -> Node 0
<6>[    0.000000] SRAT: PXM 0 -> APIC 0x40 -> Node 0
<6>[    0.000000] SRAT: PXM 0 -> APIC 0x41 -> Node 0
<6>[    0.000000] SRAT: PXM 0 -> APIC 0x42 -> Node 0
<6>[    0.000000] SRAT: PXM 0 -> APIC 0x43 -> Node 0
<6>[    0.000000] SRAT: PXM 0 -> APIC 0x44 -> Node 0
<6>[    0.000000] SRAT: PXM 0 -> APIC 0x45 -> Node 0
<6>[    0.000000] SRAT: PXM 0 -> APIC 0x46 -> Node 0
<6>[    0.000000] SRAT: PXM 0 -> APIC 0x47 -> Node 0
<6>[    0.000000] SRAT: PXM 0 -> APIC 0x48 -> Node 0
<6>[    0.000000] SRAT: PXM 0 -> APIC 0x49 -> Node 0
<6>[    0.000000] SRAT: PXM 0 -> APIC 0x4a -> Node 0
<6>[    0.000000] SRAT: PXM 0 -> APIC 0x4b -> Node 0
<6>[    0.000000] SRAT: PXM 0 -> APIC 0x4c -> Node 0
<6>[    0.000000] SRAT: PXM 0 -> APIC 0x4d -> Node 0
<6>[    0.000000] SRAT: PXM 0 -> APIC 0x4e -> Node 0
<6>[    0.000000] SRAT: PXM 0 -> APIC 0x4f -> Node 0
<6>[    0.000000] SRAT: PXM 0 -> APIC 0x50 -> Node 0
<6>[    0.000000] SRAT: PXM 0 -> APIC 0x51 -> Node 0
<6>[    0.000000] SRAT: PXM 0 -> APIC 0x52 -> Node 0
<6>[    0.000000] SRAT: PXM 0 -> APIC 0x53 -> Node 0
<6>[    0.000000] SRAT: PXM 0 -> APIC 0x54 -> Node 0
<6>[    0.000000] SRAT: PXM 0 -> APIC 0x55 -> Node 0
<6>[    0.000000] SRAT: PXM 0 -> APIC 0x56 -> Node 0
<6>[    0.000000] SRAT: PXM 0 -> APIC 0x57 -> Node 0
<6>[    0.000000] SRAT: PXM 0 -> APIC 0x58 -> Node 0
<6>[    0.000000] SRAT: PXM 0 -> APIC 0x59 -> Node 0
<6>[    0.000000] SRAT: PXM 0 -> APIC 0x5a -> Node 0
<6>[    0.000000] SRAT: PXM 0 -> APIC 0x5b -> Node 0
<6>[    0.000000] SRAT: PXM 0 -> APIC 0x5c -> Node 0
<6>[    0.000000] SRAT: PXM 0 -> APIC 0x5d -> Node 0
<6>[    0.000000] SRAT: PXM 0 -> APIC 0x5e -> Node 0
<6>[    0.000000] SRAT: PXM 0 -> APIC 0x5f -> Node 0
<6>[    0.000000] SRAT: PXM 0 -> APIC 0x60 -> Node 0
<6>[    0.000000] SRAT: PXM 0 -> APIC 0x61 -> Node 0
<6>[    0.000000] SRAT: PXM 0 -> APIC 0x62 -> Node 0
<6>[    0.000000] SRAT: PXM 0 -> APIC 0x63 -> Node 0
<6>[    0.000000] SRAT: PXM 0 -> APIC 0x64 -> Node 0
<6>[    0.000000] SRAT: PXM 0 -> APIC 0x65 -> Node 0
<6>[    0.000000] SRAT: PXM 0 -> APIC 0x66 -> Node 0
<6>[    0.000000] SRAT: PXM 0 -> APIC 0x67 -> Node 0
<6>[    0.000000] SRAT: PXM 0 -> APIC 0x68 -> Node 0
<6>[    0.000000] SRAT: PXM 0 -> APIC 0x69 -> Node 0
<6>[    0.000000] SRAT: PXM 0 -> APIC 0x6a -> Node 0
<6>[    0.000000] SRAT: PXM 0 -> APIC 0x6b -> Node 0
<6>[    0.000000] SRAT: PXM 0 -> APIC 0x6c -> Node 0
<6>[    0.000000] SRAT: PXM 0 -> APIC 0x6d -> Node 0
<6>[    0.000000] SRAT: PXM 0 -> APIC 0x6e -> Node 0
<6>[    0.000000] SRAT: PXM 0 -> APIC 0x6f -> Node 0
<6>[    0.000000] SRAT: PXM 0 -> APIC 0x70 -> Node 0
<6>[    0.000000] SRAT: PXM 0 -> APIC 0x71 -> Node 0
<6>[    0.000000] SRAT: PXM 0 -> APIC 0x72 -> Node 0
<6>[    0.000000] SRAT: PXM 0 -> APIC 0x73 -> Node 0
<6>[    0.000000] SRAT: PXM 0 -> APIC 0x74 -> Node 0
<6>[    0.000000] SRAT: PXM 0 -> APIC 0x75 -> Node 0
<6>[    0.000000] SRAT: PXM 0 -> APIC 0x76 -> Node 0
<6>[    0.000000] SRAT: PXM 0 -> APIC 0x77 -> Node 0
<6>[    0.000000] SRAT: PXM 0 -> APIC 0x78 -> Node 0
<6>[    0.000000] SRAT: PXM 0 -> APIC 0x79 -> Node 0
<6>[    0.000000] SRAT: PXM 0 -> APIC 0x7a -> Node 0
<6>[    0.000000] SRAT: PXM 0 -> APIC 0x7b -> Node 0
<6>[    0.000000] SRAT: PXM 0 -> APIC 0x7c -> Node 0
<6>[    0.000000] SRAT: PXM 0 -> APIC 0x7d -> Node 0
<6>[    0.000000] SRAT: PXM 0 -> APIC 0x7e -> Node 0
<6>[    0.000000] SRAT: PXM 0 -> APIC 0x7f -> Node 0
<6>[    0.000000] SRAT: Node 0 PXM 0 [mem 0x00000000-0x0009ffff]
<6>[    0.000000] SRAT: Node 0 PXM 0 [mem 0x00100000-0xbfffffff]
<6>[    0.000000] SRAT: Node 0 PXM 0 [mem 0x100000000-0x10fffffff]
<6>[    0.000000] SRAT: Node 0 PXM 0 [mem 0x110000000-0xd3fffffff] hotplug
<6>[    0.000000] NUMA: Node 0 [mem 0x00000000-0x0009ffff] + [mem 0x00100000-0xbfffffff] -> [mem 0x00000000-0xbfffffff]
<6>[    0.000000] NUMA: Node 0 [mem 0x00000000-0xbfffffff] + [mem 0x100000000-0x10fffffff] -> [mem 0x00000000-0x10fffffff]
<6>[    0.000000] NODE_DATA(0) allocated [mem 0x10ffd7000-0x10fffdfff]
<6>[    0.000000] Reserving 161MB of memory at 672MB for crashkernel (System RAM: 3327MB)
<4>[    0.000000] Zone ranges:
<4>[    0.000000]   DMA      [mem 0x00001000-0x00ffffff]
<4>[    0.000000]   DMA32    [mem 0x01000000-0xffffffff]
<4>[    0.000000]   Normal   [mem 0x100000000-0x10fffffff]
<4>[    0.000000] Movable zone start for each node
<4>[    0.000000] Early memory node ranges
<4>[    0.000000]   node   0: [mem 0x00001000-0x0009dfff]
<4>[    0.000000]   node   0: [mem 0x00100000-0xbfecffff]
<4>[    0.000000]   node   0: [mem 0xbff00000-0xbfffffff]
<4>[    0.000000]   node   0: [mem 0x100000000-0x10fffffff]
<6>[    0.000000] Initmem setup node 0 [mem 0x00001000-0x10fffffff]
<7>[    0.000000] On node 0 totalpages: 851821
<7>[    0.000000]   DMA zone: 64 pages used for memmap
<7>[    0.000000]   DMA zone: 21 pages reserved
<7>[    0.000000]   DMA zone: 3997 pages, LIFO batch:0
<7>[    0.000000]   DMA32 zone: 12224 pages used for memmap
<7>[    0.000000]   DMA32 zone: 782288 pages, LIFO batch:31
<7>[    0.000000]   Normal zone: 1024 pages used for memmap
<7>[    0.000000]   Normal zone: 65536 pages, LIFO batch:15
<6>[    0.000000] ACPI: PM-Timer IO Port: 0x1008
<7>[    0.000000] ACPI: Local APIC address 0xfee00000
<7>[    0.000000] system APIC only can use physical flat
<6>[    0.000000] ACPI: LAPIC (acpi_id[0x00] lapic_id[0x00] enabled)
<6>[    0.000000] ACPI: LAPIC (acpi_id[0x01] lapic_id[0x01] enabled)
<6>[    0.000000] ACPI: LAPIC (acpi_id[0x02] lapic_id[0x02] enabled)
<6>[    0.000000] ACPI: LAPIC (acpi_id[0x03] lapic_id[0x03] enabled)
<6>[    0.000000] ACPI: LAPIC (acpi_id[0x04] lapic_id[0x04] disabled)
<6>[    0.000000] ACPI: LAPIC (acpi_id[0x05] lapic_id[0x05] disabled)
<6>[    0.000000] ACPI: LAPIC (acpi_id[0x06] lapic_id[0x06] disabled)
<6>[    0.000000] ACPI: LAPIC (acpi_id[0x07] lapic_id[0x07] disabled)
<6>[    0.000000] ACPI: LAPIC (acpi_id[0x08] lapic_id[0x08] disabled)
<6>[    0.000000] ACPI: LAPIC (acpi_id[0x09] lapic_id[0x09] disabled)
<6>[    0.000000] ACPI: LAPIC (acpi_id[0x0a] lapic_id[0x0a] disabled)
<6>[    0.000000] ACPI: LAPIC (acpi_id[0x0b] lapic_id[0x0b] disabled)
<6>[    0.000000] ACPI: LAPIC (acpi_id[0x0c] lapic_id[0x0c] disabled)
<6>[    0.000000] ACPI: LAPIC (acpi_id[0x0d] lapic_id[0x0d] disabled)
<6>[    0.000000] ACPI: LAPIC (acpi_id[0x0e] lapic_id[0x0e] disabled)
<6>[    0.000000] ACPI: LAPIC (acpi_id[0x0f] lapic_id[0x0f] disabled)
<6>[    0.000000] ACPI: LAPIC (acpi_id[0x10] lapic_id[0x10] disabled)
<6>[    0.000000] ACPI: LAPIC (acpi_id[0x11] lapic_id[0x11] disabled)
<6>[    0.000000] ACPI: LAPIC (acpi_id[0x12] lapic_id[0x12] disabled)
<6>[    0.000000] ACPI: LAPIC (acpi_id[0x13] lapic_id[0x13] disabled)
<6>[    0.000000] ACPI: LAPIC (acpi_id[0x14] lapic_id[0x14] disabled)
<6>[    0.000000] ACPI: LAPIC (acpi_id[0x15] lapic_id[0x15] disabled)
<6>[    0.000000] ACPI: LAPIC (acpi_id[0x16] lapic_id[0x16] disabled)
<6>[    0.000000] ACPI: LAPIC (acpi_id[0x17] lapic_id[0x17] disabled)
<6>[    0.000000] ACPI: LAPIC (acpi_id[0x18] lapic_id[0x18] disabled)
<6>[    0.000000] ACPI: LAPIC (acpi_id[0x19] lapic_id[0x19] disabled)
<6>[    0.000000] ACPI: LAPIC (acpi_id[0x1a] lapic_id[0x1a] disabled)
<6>[    0.000000] ACPI: LAPIC (acpi_id[0x1b] lapic_id[0x1b] disabled)
<6>[    0.000000] ACPI: LAPIC (acpi_id[0x1c] lapic_id[0x1c] disabled)
<6>[    0.000000] ACPI: LAPIC (acpi_id[0x1d] lapic_id[0x1d] disabled)
<6>[    0.000000] ACPI: LAPIC (acpi_id[0x1e] lapic_id[0x1e] disabled)
<6>[    0.000000] ACPI: LAPIC (acpi_id[0x1f] lapic_id[0x1f] disabled)
<6>[    0.000000] ACPI: LAPIC (acpi_id[0x20] lapic_id[0x20] disabled)
<6>[    0.000000] ACPI: LAPIC (acpi_id[0x21] lapic_id[0x21] disabled)
<6>[    0.000000] ACPI: LAPIC (acpi_id[0x22] lapic_id[0x22] disabled)
<6>[    0.000000] ACPI: LAPIC (acpi_id[0x23] lapic_id[0x23] disabled)
<6>[    0.000000] ACPI: LAPIC (acpi_id[0x24] lapic_id[0x24] disabled)
<6>[    0.000000] ACPI: LAPIC (acpi_id[0x25] lapic_id[0x25] disabled)
<6>[    0.000000] ACPI: LAPIC (acpi_id[0x26] lapic_id[0x26] disabled)
<6>[    0.000000] ACPI: LAPIC (acpi_id[0x27] lapic_id[0x27] disabled)
<6>[    0.000000] ACPI: LAPIC (acpi_id[0x28] lapic_id[0x28] disabled)
<6>[    0.000000] ACPI: LAPIC (acpi_id[0x29] lapic_id[0x29] disabled)
<6>[    0.000000] ACPI: LAPIC (acpi_id[0x2a] lapic_id[0x2a] disabled)
<6>[    0.000000] ACPI: LAPIC (acpi_id[0x2b] lapic_id[0x2b] disabled)
<6>[    0.000000] ACPI: LAPIC (acpi_id[0x2c] lapic_id[0x2c] disabled)
<6>[    0.000000] ACPI: LAPIC (acpi_id[0x2d] lapic_id[0x2d] disabled)
<6>[    0.000000] ACPI: LAPIC (acpi_id[0x2e] lapic_id[0x2e] disabled)
<6>[    0.000000] ACPI: LAPIC (acpi_id[0x2f] lapic_id[0x2f] disabled)
<6>[    0.000000] ACPI: LAPIC (acpi_id[0x30] lapic_id[0x30] disabled)
<6>[    0.000000] ACPI: LAPIC (acpi_id[0x31] lapic_id[0x31] disabled)
<6>[    0.000000] ACPI: LAPIC (acpi_id[0x32] lapic_id[0x32] disabled)
<6>[    0.000000] ACPI: LAPIC (acpi_id[0x33] lapic_id[0x33] disabled)
<6>[    0.000000] ACPI: LAPIC (acpi_id[0x34] lapic_id[0x34] disabled)
<6>[    0.000000] ACPI: LAPIC (acpi_id[0x35] lapic_id[0x35] disabled)
<6>[    0.000000] ACPI: LAPIC (acpi_id[0x36] lapic_id[0x36] disabled)
<6>[    0.000000] ACPI: LAPIC (acpi_id[0x37] lapic_id[0x37] disabled)
<6>[    0.000000] ACPI: LAPIC (acpi_id[0x38] lapic_id[0x38] disabled)
<6>[    0.000000] ACPI: LAPIC (acpi_id[0x39] lapic_id[0x39] disabled)
<6>[    0.000000] ACPI: LAPIC (acpi_id[0x3a] lapic_id[0x3a] disabled)
<6>[    0.000000] ACPI: LAPIC (acpi_id[0x3b] lapic_id[0x3b] disabled)
<6>[    0.000000] ACPI: LAPIC (acpi_id[0x3c] lapic_id[0x3c] disabled)
<6>[    0.000000] ACPI: LAPIC (acpi_id[0x3d] lapic_id[0x3d] disabled)
<6>[    0.000000] ACPI: LAPIC (acpi_id[0x3e] lapic_id[0x3e] disabled)
<6>[    0.000000] ACPI: LAPIC (acpi_id[0x3f] lapic_id[0x3f] disabled)
<6>[    0.000000] ACPI: LAPIC (acpi_id[0x40] lapic_id[0x40] disabled)
<6>[    0.000000] ACPI: LAPIC (acpi_id[0x41] lapic_id[0x41] disabled)
<6>[    0.000000] ACPI: LAPIC (acpi_id[0x42] lapic_id[0x42] disabled)
<6>[    0.000000] ACPI: LAPIC (acpi_id[0x43] lapic_id[0x43] disabled)
<6>[    0.000000] ACPI: LAPIC (acpi_id[0x44] lapic_id[0x44] disabled)
<6>[    0.000000] ACPI: LAPIC (acpi_id[0x45] lapic_id[0x45] disabled)
<6>[    0.000000] ACPI: LAPIC (acpi_id[0x46] lapic_id[0x46] disabled)
<6>[    0.000000] ACPI: LAPIC (acpi_id[0x47] lapic_id[0x47] disabled)
<6>[    0.000000] ACPI: LAPIC (acpi_id[0x48] lapic_id[0x48] disabled)
<6>[    0.000000] ACPI: LAPIC (acpi_id[0x49] lapic_id[0x49] disabled)
<6>[    0.000000] ACPI: LAPIC (acpi_id[0x4a] lapic_id[0x4a] disabled)
<6>[    0.000000] ACPI: LAPIC (acpi_id[0x4b] lapic_id[0x4b] disabled)
<6>[    0.000000] ACPI: LAPIC (acpi_id[0x4c] lapic_id[0x4c] disabled)
<6>[    0.000000] ACPI: LAPIC (acpi_id[0x4d] lapic_id[0x4d] disabled)
<6>[    0.000000] ACPI: LAPIC (acpi_id[0x4e] lapic_id[0x4e] disabled)
<6>[    0.000000] ACPI: LAPIC (acpi_id[0x4f] lapic_id[0x4f] disabled)
<6>[    0.000000] ACPI: LAPIC (acpi_id[0x50] lapic_id[0x50] disabled)
<6>[    0.000000] ACPI: LAPIC (acpi_id[0x51] lapic_id[0x51] disabled)
<6>[    0.000000] ACPI: LAPIC (acpi_id[0x52] lapic_id[0x52] disabled)
<6>[    0.000000] ACPI: LAPIC (acpi_id[0x53] lapic_id[0x53] disabled)
<6>[    0.000000] ACPI: LAPIC (acpi_id[0x54] lapic_id[0x54] disabled)
<6>[    0.000000] ACPI: LAPIC (acpi_id[0x55] lapic_id[0x55] disabled)
<6>[    0.000000] ACPI: LAPIC (acpi_id[0x56] lapic_id[0x56] disabled)
<6>[    0.000000] ACPI: LAPIC (acpi_id[0x57] lapic_id[0x57] disabled)
<6>[    0.000000] ACPI: LAPIC (acpi_id[0x58] lapic_id[0x58] disabled)
<6>[    0.000000] ACPI: LAPIC (acpi_id[0x59] lapic_id[0x59] disabled)
<6>[    0.000000] ACPI: LAPIC (acpi_id[0x5a] lapic_id[0x5a] disabled)
<6>[    0.000000] ACPI: LAPIC (acpi_id[0x5b] lapic_id[0x5b] disabled)
<6>[    0.000000] ACPI: LAPIC (acpi_id[0x5c] lapic_id[0x5c] disabled)
<6>[    0.000000] ACPI: LAPIC (acpi_id[0x5d] lapic_id[0x5d] disabled)
<6>[    0.000000] ACPI: LAPIC (acpi_id[0x5e] lapic_id[0x5e] disabled)
<6>[    0.000000] ACPI: LAPIC (acpi_id[0x5f] lapic_id[0x5f] disabled)
<6>[    0.000000] ACPI: LAPIC (acpi_id[0x60] lapic_id[0x60] disabled)
<6>[    0.000000] ACPI: LAPIC (acpi_id[0x61] lapic_id[0x61] disabled)
<6>[    0.000000] ACPI: LAPIC (acpi_id[0x62] lapic_id[0x62] disabled)
<6>[    0.000000] ACPI: LAPIC (acpi_id[0x63] lapic_id[0x63] disabled)
<6>[    0.000000] ACPI: LAPIC (acpi_id[0x64] lapic_id[0x64] disabled)
<6>[    0.000000] ACPI: LAPIC (acpi_id[0x65] lapic_id[0x65] disabled)
<6>[    0.000000] ACPI: LAPIC (acpi_id[0x66] lapic_id[0x66] disabled)
<6>[    0.000000] ACPI: LAPIC (acpi_id[0x67] lapic_id[0x67] disabled)
<6>[    0.000000] ACPI: LAPIC (acpi_id[0x68] lapic_id[0x68] disabled)
<6>[    0.000000] ACPI: LAPIC (acpi_id[0x69] lapic_id[0x69] disabled)
<6>[    0.000000] ACPI: LAPIC (acpi_id[0x6a] lapic_id[0x6a] disabled)
<6>[    0.000000] ACPI: LAPIC (acpi_id[0x6b] lapic_id[0x6b] disabled)
<6>[    0.000000] ACPI: LAPIC (acpi_id[0x6c] lapic_id[0x6c] disabled)
<6>[    0.000000] ACPI: LAPIC (acpi_id[0x6d] lapic_id[0x6d] disabled)
<6>[    0.000000] ACPI: LAPIC (acpi_id[0x6e] lapic_id[0x6e] disabled)
<6>[    0.000000] ACPI: LAPIC (acpi_id[0x6f] lapic_id[0x6f] disabled)
<6>[    0.000000] ACPI: LAPIC (acpi_id[0x70] lapic_id[0x70] disabled)
<6>[    0.000000] ACPI: LAPIC (acpi_id[0x71] lapic_id[0x71] disabled)
<6>[    0.000000] ACPI: LAPIC (acpi_id[0x72] lapic_id[0x72] disabled)
<6>[    0.000000] ACPI: LAPIC (acpi_id[0x73] lapic_id[0x73] disabled)
<6>[    0.000000] ACPI: LAPIC (acpi_id[0x74] lapic_id[0x74] disabled)
<6>[    0.000000] ACPI: LAPIC (acpi_id[0x75] lapic_id[0x75] disabled)
<6>[    0.000000] ACPI: LAPIC (acpi_id[0x76] lapic_id[0x76] disabled)
<6>[    0.000000] ACPI: LAPIC (acpi_id[0x77] lapic_id[0x77] disabled)
<6>[    0.000000] ACPI: LAPIC (acpi_id[0x78] lapic_id[0x78] disabled)
<6>[    0.000000] ACPI: LAPIC (acpi_id[0x79] lapic_id[0x79] disabled)
<6>[    0.000000] ACPI: LAPIC (acpi_id[0x7a] lapic_id[0x7a] disabled)
<6>[    0.000000] ACPI: LAPIC (acpi_id[0x7b] lapic_id[0x7b] disabled)
<6>[    0.000000] ACPI: LAPIC (acpi_id[0x7c] lapic_id[0x7c] disabled)
<6>[    0.000000] ACPI: LAPIC (acpi_id[0x7d] lapic_id[0x7d] disabled)
<6>[    0.000000] ACPI: LAPIC (acpi_id[0x7e] lapic_id[0x7e] disabled)
<6>[    0.000000] ACPI: LAPIC (acpi_id[0x7f] lapic_id[0x7f] disabled)
<6>[    0.000000] ACPI: LAPIC_NMI (acpi_id[0x00] high edge lint[0x1])
<6>[    0.000000] ACPI: LAPIC_NMI (acpi_id[0x01] high edge lint[0x1])
<6>[    0.000000] ACPI: LAPIC_NMI (acpi_id[0x02] high edge lint[0x1])
<6>[    0.000000] ACPI: LAPIC_NMI (acpi_id[0x03] high edge lint[0x1])
<6>[    0.000000] ACPI: LAPIC_NMI (acpi_id[0x04] high edge lint[0x1])
<6>[    0.000000] ACPI: LAPIC_NMI (acpi_id[0x05] high edge lint[0x1])
<6>[    0.000000] ACPI: LAPIC_NMI (acpi_id[0x06] high edge lint[0x1])
<6>[    0.000000] ACPI: LAPIC_NMI (acpi_id[0x07] high edge lint[0x1])
<6>[    0.000000] ACPI: LAPIC_NMI (acpi_id[0x08] high edge lint[0x1])
<6>[    0.000000] ACPI: LAPIC_NMI (acpi_id[0x09] high edge lint[0x1])
<6>[    0.000000] ACPI: LAPIC_NMI (acpi_id[0x0a] high edge lint[0x1])
<6>[    0.000000] ACPI: LAPIC_NMI (acpi_id[0x0b] high edge lint[0x1])
<6>[    0.000000] ACPI: LAPIC_NMI (acpi_id[0x0c] high edge lint[0x1])
<6>[    0.000000] ACPI: LAPIC_NMI (acpi_id[0x0d] high edge lint[0x1])
<6>[    0.000000] ACPI: LAPIC_NMI (acpi_id[0x0e] high edge lint[0x1])
<6>[    0.000000] ACPI: LAPIC_NMI (acpi_id[0x0f] high edge lint[0x1])
<6>[    0.000000] ACPI: LAPIC_NMI (acpi_id[0x10] high edge lint[0x1])
<6>[    0.000000] ACPI: LAPIC_NMI (acpi_id[0x11] high edge lint[0x1])
<6>[    0.000000] ACPI: LAPIC_NMI (acpi_id[0x12] high edge lint[0x1])
<6>[    0.000000] ACPI: LAPIC_NMI (acpi_id[0x13] high edge lint[0x1])
<6>[    0.000000] ACPI: LAPIC_NMI (acpi_id[0x14] high edge lint[0x1])
<6>[    0.000000] ACPI: LAPIC_NMI (acpi_id[0x15] high edge lint[0x1])
<6>[    0.000000] ACPI: LAPIC_NMI (acpi_id[0x16] high edge lint[0x1])
<6>[    0.000000] ACPI: LAPIC_NMI (acpi_id[0x17] high edge lint[0x1])
<6>[    0.000000] ACPI: LAPIC_NMI (acpi_id[0x18] high edge lint[0x1])
<6>[    0.000000] ACPI: LAPIC_NMI (acpi_id[0x19] high edge lint[0x1])
<6>[    0.000000] ACPI: LAPIC_NMI (acpi_id[0x1a] high edge lint[0x1])
<6>[    0.000000] ACPI: LAPIC_NMI (acpi_id[0x1b] high edge lint[0x1])
<6>[    0.000000] ACPI: LAPIC_NMI (acpi_id[0x1c] high edge lint[0x1])
<6>[    0.000000] ACPI: LAPIC_NMI (acpi_id[0x1d] high edge lint[0x1])
<6>[    0.000000] ACPI: LAPIC_NMI (acpi_id[0x1e] high edge lint[0x1])
<6>[    0.000000] ACPI: LAPIC_NMI (acpi_id[0x1f] high edge lint[0x1])
<6>[    0.000000] ACPI: LAPIC_NMI (acpi_id[0x20] high edge lint[0x1])
<6>[    0.000000] ACPI: LAPIC_NMI (acpi_id[0x21] high edge lint[0x1])
<6>[    0.000000] ACPI: LAPIC_NMI (acpi_id[0x22] high edge lint[0x1])
<6>[    0.000000] ACPI: LAPIC_NMI (acpi_id[0x23] high edge lint[0x1])
<6>[    0.000000] ACPI: LAPIC_NMI (acpi_id[0x24] high edge lint[0x1])
<6>[    0.000000] ACPI: LAPIC_NMI (acpi_id[0x25] high edge lint[0x1])
<6>[    0.000000] ACPI: LAPIC_NMI (acpi_id[0x26] high edge lint[0x1])
<6>[    0.000000] ACPI: LAPIC_NMI (acpi_id[0x27] high edge lint[0x1])
<6>[    0.000000] ACPI: LAPIC_NMI (acpi_id[0x28] high edge lint[0x1])
<6>[    0.000000] ACPI: LAPIC_NMI (acpi_id[0x29] high edge lint[0x1])
<6>[    0.000000] ACPI: LAPIC_NMI (acpi_id[0x2a] high edge lint[0x1])
<6>[    0.000000] ACPI: LAPIC_NMI (acpi_id[0x2b] high edge lint[0x1])
<6>[    0.000000] ACPI: LAPIC_NMI (acpi_id[0x2c] high edge lint[0x1])
<6>[    0.000000] ACPI: LAPIC_NMI (acpi_id[0x2d] high edge lint[0x1])
<6>[    0.000000] ACPI: LAPIC_NMI (acpi_id[0x2e] high edge lint[0x1])
<6>[    0.000000] ACPI: LAPIC_NMI (acpi_id[0x2f] high edge lint[0x1])
<6>[    0.000000] ACPI: LAPIC_NMI (acpi_id[0x30] high edge lint[0x1])
<6>[    0.000000] ACPI: LAPIC_NMI (acpi_id[0x31] high edge lint[0x1])
<6>[    0.000000] ACPI: LAPIC_NMI (acpi_id[0x32] high edge lint[0x1])
<6>[    0.000000] ACPI: LAPIC_NMI (acpi_id[0x33] high edge lint[0x1])
<6>[    0.000000] ACPI: LAPIC_NMI (acpi_id[0x34] high edge lint[0x1])
<6>[    0.000000] ACPI: LAPIC_NMI (acpi_id[0x35] high edge lint[0x1])
<6>[    0.000000] ACPI: LAPIC_NMI (acpi_id[0x36] high edge lint[0x1])
<6>[    0.000000] ACPI: LAPIC_NMI (acpi_id[0x37] high edge lint[0x1])
<6>[    0.000000] ACPI: LAPIC_NMI (acpi_id[0x38] high edge lint[0x1])
<6>[    0.000000] ACPI: LAPIC_NMI (acpi_id[0x39] high edge lint[0x1])
<6>[    0.000000] ACPI: LAPIC_NMI (acpi_id[0x3a] high edge lint[0x1])
<6>[    0.000000] ACPI: LAPIC_NMI (acpi_id[0x3b] high edge lint[0x1])
<6>[    0.000000] ACPI: LAPIC_NMI (acpi_id[0x3c] high edge lint[0x1])
<6>[    0.000000] ACPI: LAPIC_NMI (acpi_id[0x3d] high edge lint[0x1])
<6>[    0.000000] ACPI: LAPIC_NMI (acpi_id[0x3e] high edge lint[0x1])
<6>[    0.000000] ACPI: LAPIC_NMI (acpi_id[0x3f] high edge lint[0x1])
<6>[    0.000000] ACPI: LAPIC_NMI (acpi_id[0x40] high edge lint[0x1])
<6>[    0.000000] ACPI: LAPIC_NMI (acpi_id[0x41] high edge lint[0x1])
<6>[    0.000000] ACPI: LAPIC_NMI (acpi_id[0x42] high edge lint[0x1])
<6>[    0.000000] ACPI: LAPIC_NMI (acpi_id[0x43] high edge lint[0x1])
<6>[    0.000000] ACPI: LAPIC_NMI (acpi_id[0x44] high edge lint[0x1])
<6>[    0.000000] ACPI: LAPIC_NMI (acpi_id[0x45] high edge lint[0x1])
<6>[    0.000000] ACPI: LAPIC_NMI (acpi_id[0x46] high edge lint[0x1])
<6>[    0.000000] ACPI: LAPIC_NMI (acpi_id[0x47] high edge lint[0x1])
<6>[    0.000000] ACPI: LAPIC_NMI (acpi_id[0x48] high edge lint[0x1])
<6>[    0.000000] ACPI: LAPIC_NMI (acpi_id[0x49] high edge lint[0x1])
<6>[    0.000000] ACPI: LAPIC_NMI (acpi_id[0x4a] high edge lint[0x1])
<6>[    0.000000] ACPI: LAPIC_NMI (acpi_id[0x4b] high edge lint[0x1])
<6>[    0.000000] ACPI: LAPIC_NMI (acpi_id[0x4c] high edge lint[0x1])
<6>[    0.000000] ACPI: LAPIC_NMI (acpi_id[0x4d] high edge lint[0x1])
<6>[    0.000000] ACPI: LAPIC_NMI (acpi_id[0x4e] high edge lint[0x1])
<6>[    0.000000] ACPI: LAPIC_NMI (acpi_id[0x4f] high edge lint[0x1])
<6>[    0.000000] ACPI: LAPIC_NMI (acpi_id[0x50] high edge lint[0x1])
<6>[    0.000000] ACPI: LAPIC_NMI (acpi_id[0x51] high edge lint[0x1])
<6>[    0.000000] ACPI: LAPIC_NMI (acpi_id[0x52] high edge lint[0x1])
<6>[    0.000000] ACPI: LAPIC_NMI (acpi_id[0x53] high edge lint[0x1])
<6>[    0.000000] ACPI: LAPIC_NMI (acpi_id[0x54] high edge lint[0x1])
<6>[    0.000000] ACPI: LAPIC_NMI (acpi_id[0x55] high edge lint[0x1])
<6>[    0.000000] ACPI: LAPIC_NMI (acpi_id[0x56] high edge lint[0x1])
<6>[    0.000000] ACPI: LAPIC_NMI (acpi_id[0x57] high edge lint[0x1])
<6>[    0.000000] ACPI: LAPIC_NMI (acpi_id[0x58] high edge lint[0x1])
<6>[    0.000000] ACPI: LAPIC_NMI (acpi_id[0x59] high edge lint[0x1])
<6>[    0.000000] ACPI: LAPIC_NMI (acpi_id[0x5a] high edge lint[0x1])
<6>[    0.000000] ACPI: LAPIC_NMI (acpi_id[0x5b] high edge lint[0x1])
<6>[    0.000000] ACPI: LAPIC_NMI (acpi_id[0x5c] high edge lint[0x1])
<6>[    0.000000] ACPI: LAPIC_NMI (acpi_id[0x5d] high edge lint[0x1])
<6>[    0.000000] ACPI: LAPIC_NMI (acpi_id[0x5e] high edge lint[0x1])
<6>[    0.000000] ACPI: LAPIC_NMI (acpi_id[0x5f] high edge lint[0x1])
<6>[    0.000000] ACPI: LAPIC_NMI (acpi_id[0x60] high edge lint[0x1])
<6>[    0.000000] ACPI: LAPIC_NMI (acpi_id[0x61] high edge lint[0x1])
<6>[    0.000000] ACPI: LAPIC_NMI (acpi_id[0x62] high edge lint[0x1])
<6>[    0.000000] ACPI: LAPIC_NMI (acpi_id[0x63] high edge lint[0x1])
<6>[    0.000000] ACPI: LAPIC_NMI (acpi_id[0x64] high edge lint[0x1])
<6>[    0.000000] ACPI: LAPIC_NMI (acpi_id[0x65] high edge lint[0x1])
<6>[    0.000000] ACPI: LAPIC_NMI (acpi_id[0x66] high edge lint[0x1])
<6>[    0.000000] ACPI: LAPIC_NMI (acpi_id[0x67] high edge lint[0x1])
<6>[    0.000000] ACPI: LAPIC_NMI (acpi_id[0x68] high edge lint[0x1])
<6>[    0.000000] ACPI: LAPIC_NMI (acpi_id[0x69] high edge lint[0x1])
<6>[    0.000000] ACPI: LAPIC_NMI (acpi_id[0x6a] high edge lint[0x1])
<6>[    0.000000] ACPI: LAPIC_NMI (acpi_id[0x6b] high edge lint[0x1])
<6>[    0.000000] ACPI: LAPIC_NMI (acpi_id[0x6c] high edge lint[0x1])
<6>[    0.000000] ACPI: LAPIC_NMI (acpi_id[0x6d] high edge lint[0x1])
<6>[    0.000000] ACPI: LAPIC_NMI (acpi_id[0x6e] high edge lint[0x1])
<6>[    0.000000] ACPI: LAPIC_NMI (acpi_id[0x6f] high edge lint[0x1])
<6>[    0.000000] ACPI: LAPIC_NMI (acpi_id[0x70] high edge lint[0x1])
<6>[    0.000000] ACPI: LAPIC_NMI (acpi_id[0x71] high edge lint[0x1])
<6>[    0.000000] ACPI: LAPIC_NMI (acpi_id[0x72] high edge lint[0x1])
<6>[    0.000000] ACPI: LAPIC_NMI (acpi_id[0x73] high edge lint[0x1])
<6>[    0.000000] ACPI: LAPIC_NMI (acpi_id[0x74] high edge lint[0x1])
<6>[    0.000000] ACPI: LAPIC_NMI (acpi_id[0x75] high edge lint[0x1])
<6>[    0.000000] ACPI: LAPIC_NMI (acpi_id[0x76] high edge lint[0x1])
<6>[    0.000000] ACPI: LAPIC_NMI (acpi_id[0x77] high edge lint[0x1])
<6>[    0.000000] ACPI: LAPIC_NMI (acpi_id[0x78] high edge lint[0x1])
<6>[    0.000000] ACPI: LAPIC_NMI (acpi_id[0x79] high edge lint[0x1])
<6>[    0.000000] ACPI: LAPIC_NMI (acpi_id[0x7a] high edge lint[0x1])
<6>[    0.000000] ACPI: LAPIC_NMI (acpi_id[0x7b] high edge lint[0x1])
<6>[    0.000000] ACPI: LAPIC_NMI (acpi_id[0x7c] high edge lint[0x1])
<6>[    0.000000] ACPI: LAPIC_NMI (acpi_id[0x7d] high edge lint[0x1])
<6>[    0.000000] ACPI: LAPIC_NMI (acpi_id[0x7e] high edge lint[0x1])
<6>[    0.000000] ACPI: LAPIC_NMI (acpi_id[0x7f] high edge lint[0x1])
<6>[    0.000000] ACPI: IOAPIC (id[0x80] address[0xfec00000] gsi_base[0])
<6>[    0.000000] IOAPIC[0]: apic_id 128, version 32, address 0xfec00000, GSI 0-23
<6>[    0.000000] ACPI: INT_SRC_OVR (bus 0 bus_irq 0 global_irq 2 high edge)
<7>[    0.000000] ACPI: IRQ0 used by override.
<7>[    0.000000] ACPI: IRQ9 used by override.
<6>[    0.000000] Using ACPI (MADT) for SMP configuration information
<6>[    0.000000] ACPI: HPET id: 0x8086af01 base: 0xfed00000
<6>[    0.000000] smpboot: Allowing 128 CPUs, 124 hotplug CPUs
<6>[    0.000000] PM: Registered nosave memory: [mem 0x0009e000-0x0009efff]
<6>[    0.000000] PM: Registered nosave memory: [mem 0x0009f000-0x0009ffff]
<6>[    0.000000] PM: Registered nosave memory: [mem 0x000a0000-0x000dbfff]
<6>[    0.000000] PM: Registered nosave memory: [mem 0x000dc000-0x000fffff]
<6>[    0.000000] PM: Registered nosave memory: [mem 0xbfed0000-0xbfefefff]
<6>[    0.000000] PM: Registered nosave memory: [mem 0xbfeff000-0xbfefffff]
<6>[    0.000000] PM: Registered nosave memory: [mem 0xc0000000-0xefffffff]
<6>[    0.000000] PM: Registered nosave memory: [mem 0xf0000000-0xf7ffffff]
<6>[    0.000000] PM: Registered nosave memory: [mem 0xf8000000-0xfebfffff]
<6>[    0.000000] PM: Registered nosave memory: [mem 0xfec00000-0xfec0ffff]
<6>[    0.000000] PM: Registered nosave memory: [mem 0xfec10000-0xfedfffff]
<6>[    0.000000] PM: Registered nosave memory: [mem 0xfee00000-0xfee00fff]
<6>[    0.000000] PM: Registered nosave memory: [mem 0xfee01000-0xfffdffff]
<6>[    0.000000] PM: Registered nosave memory: [mem 0xfffe0000-0xffffffff]
<6>[    0.000000] e820: [mem 0xc0000000-0xefffffff] available for PCI devices
<6>[    0.000000] Booting paravirtualized kernel on VMware hypervisor
<6>[    0.000000] setup_percpu: NR_CPUS:5120 nr_cpumask_bits:128 nr_cpu_ids:128 nr_node_ids:1
<6>[    0.000000] percpu: Embedded 38 pages/cpu s118784 r8192 d28672 u262144
<7>[    0.000000] pcpu-alloc: s118784 r8192 d28672 u262144 alloc=1*2097152
<7>[    0.000000] pcpu-alloc: [0] 000 001 002 003 004 005 006 007 
<7>[    0.000000] pcpu-alloc: [0] 008 009 010 011 012 013 014 015 
<7>[    0.000000] pcpu-alloc: [0] 016 017 018 019 020 021 022 023 
<7>[    0.000000] pcpu-alloc: [0] 024 025 026 027 028 029 030 031 
<7>[    0.000000] pcpu-alloc: [0] 032 033 034 035 036 037 038 039 
<7>[    0.000000] pcpu-alloc: [0] 040 041 042 043 044 045 046 047 
<7>[    0.000000] pcpu-alloc: [0] 048 049 050 051 052 053 054 055 
<7>[    0.000000] pcpu-alloc: [0] 056 057 058 059 060 061 062 063 
<7>[    0.000000] pcpu-alloc: [0] 064 065 066 067 068 069 070 071 
<7>[    0.000000] pcpu-alloc: [0] 072 073 074 075 076 077 078 079 
<7>[    0.000000] pcpu-alloc: [0] 080 081 082 083 084 085 086 087 
<7>[    0.000000] pcpu-alloc: [0] 088 089 090 091 092 093 094 095 
<7>[    0.000000] pcpu-alloc: [0] 096 097 098 099 100 101 102 103 
<7>[    0.000000] pcpu-alloc: [0] 104 105 106 107 108 109 110 111 
<7>[    0.000000] pcpu-alloc: [0] 112 113 114 115 116 117 118 119 
<7>[    0.000000] pcpu-alloc: [0] 120 121 122 123 124 125 126 127 
<4>[    0.000000] Built 1 zonelists in Node order, mobility grouping on.  Total pages: 838488
<4>[    0.000000] Policy zone: Normal
<5>[    0.000000] Kernel command line: BOOT_IMAGE=/vmlinuz-3.10.0-1160.99.1.el7.x86_64 root=/dev/mapper/centos-root ro crashkernel=auto spectre_v2=retpoline rd.lvm.lv=centos/root rd.lvm.lv=centos/swap rhgb quiet LANG=fr_FR.UTF-8
<6>[    0.000000] PID hash table entries: 4096 (order: 3, 32768 bytes)
<6>[    0.000000] x86/fpu: xstate_offset[2]: 0240, xstate_sizes[2]: 0100
<6>[    0.000000] xsave: enabled xstate_bv 0x7, cntxt size 0x340 using standard form
<6>[    0.000000] Memory: 3052956k/4456448k available (7988k kernel code, 1049164k absent, 354328k reserved, 5756k data, 2176k init)
<6>[    0.000000] SLUB: HWalign=64, Order=0-3, MinObjects=0, CPUs=128, Nodes=1
<6>[    0.000000] x86/pti: Unmapping kernel while in userspace
<6>[    0.000000] Hierarchical RCU implementation.
<6>[    0.000000] 	RCU restricting CPUs from NR_CPUS=5120 to nr_cpu_ids=128.
<6>[    0.000000] NR_IRQS:327936 nr_irqs:1448 0
<6>[    0.000000] Console: colour VGA+ 80x25
<6>[    0.000000] console [tty0] enabled
<6>[    0.000000] allocated 27262976 bytes of page_cgroup
<6>[    0.000000] please try 'cgroup_disable=memory' option if you don't want memory cgroups
<7>[    0.000000] hpet clockevent registered
<6>[    0.000000] tsc: Detected 2208.005 MHz processor
<6>[    1.034006] Calibrating delay loop (skipped) preset value.. 4416.01 BogoMIPS (lpj=2208005)
<6>[    1.034008] pid_max: default: 131072 minimum: 1024
<6>[    1.034099] Security Framework initialized
<6>[    1.034132] SELinux:  Initializing.
<7>[    1.034147] SELinux:  Starting in permissive mode
<6>[    1.034147] Yama: becoming mindful.
<6>[    1.034584] Dentry cache hash table entries: 524288 (order: 10, 4194304 bytes)
<6>[    1.060725] Inode-cache hash table entries: 262144 (order: 9, 2097152 bytes)
<6>[    1.071203] Mount-cache hash table entries: 8192 (order: 4, 65536 bytes)
<6>[    1.071206] Mountpoint-cache hash table entries: 8192 (order: 4, 65536 bytes)
<6>[    1.073207] Initializing cgroup subsys memory
<6>[    1.073223] Initializing cgroup subsys devices
<6>[    1.073225] Initializing cgroup subsys freezer
<6>[    1.073225] Initializing cgroup subsys net_cls
<6>[    1.073226] Initializing cgroup subsys blkio
<6>[    1.073227] Initializing cgroup subsys perf_event
<6>[    1.073228] Initializing cgroup subsys hugetlb
<6>[    1.073228] Initializing cgroup subsys pids
<6>[    1.073229] Initializing cgroup subsys net_prio
<6>[    1.075096] Disabled fast string operations
<6>[    1.089139] Last level iTLB entries: 4KB 0, 2MB 0, 4MB 0
<6>[    1.089140] Last level dTLB entries: 4KB 64, 2MB 0, 4MB 0
<6>[    1.089141] tlb_flushall_shift: 6
<6>[    1.089845] FEATURE SPEC_CTRL Present
<6>[    1.089847] FEATURE IBPB_SUPPORT Present
<6>[    1.089848] Spectre V1 : Mitigation: Load fences, usercopy/swapgs barriers and __user pointer sanitization
<4>[    1.089850] Spectre V2 : WARNING: retpoline selected but CPU is affected by RETBleed. Switching to AUTO select
<6>[    1.089850] Spectre V2 : Enabling Indirect Branch Prediction Barrier
<4>[    1.090723] Using IBRS as the default Spectre v2 mitigation for a Skylake-
<4>[    1.090724] generation CPU.  This may have a negative performance impact.
<6>[    1.090725] Spectre V2 : Mitigation: IBRS (kernel)
<6>[    1.090726] Filling RSB on context switch
<6>[    1.090726] RETBleed: Mitigation: IBRS
<6>[    1.090939] Speculative Store Bypass: Mitigation: Speculative Store Bypass disabled via prctl and seccomp
<6>[    1.092087] MDS: Vulnerable: Clear CPU buffers attempted, no microcode
<6>[    1.092088] MMIO Stale Data: Vulnerable: Clear CPU buffers attempted, no microcode
<6>[    1.092090] SRBDS: Unknown: Dependent on hypervisor status
<5>[    1.289225] random: fast init done
<6>[    1.759211] Freeing SMP alternatives: 28k freed
<6>[    1.858205] ACPI: Core revision 20130517
<4>[    1.876210] ACPI: All ACPI Tables successfully acquired
<6>[    1.880887] ftrace: allocating 29707 entries in 117 pages
<6>[    2.219181] Enabling x2apic
<6>[    2.219732] Enabled x2apic
<6>[    2.220918] Switched APIC routing to physical x2apic.
<6>[    2.226789] ..TIMER: vector=0x30 apic1=0 pin1=2 apic2=-1 pin2=-1
<6>[    2.226857] smpboot: CPU0: Intel(R) Core(TM) i7-8750H CPU @ 2.20GHz (fam: 06, model: 9e, stepping: 0a)
<7>[    2.276959] TSC deadline timer enabled
<6>[    2.277589] Performance Events: Skylake events, core PMU driver.
<4>[    2.277875] core: CPUID marked event: 'cpu cycles' unavailable
<4>[    2.277886] core: CPUID marked event: 'instructions' unavailable
<4>[    2.277895] core: CPUID marked event: 'bus cycles' unavailable
<4>[    2.277905] core: CPUID marked event: 'cache references' unavailable
<4>[    2.277915] core: CPUID marked event: 'cache misses' unavailable
<4>[    2.277925] core: CPUID marked event: 'branch instructions' unavailable
<4>[    2.277934] core: CPUID marked event: 'branch misses' unavailable
<6>[    2.277957] ... version:                1
<6>[    2.277967] ... bit width:              48
<6>[    2.277976] ... generic registers:      4
<6>[    2.277986] ... value mask:             0000ffffffffffff
<6>[    2.277996] ... max period:             000000007fffffff
<6>[    2.278006] ... fixed-purpose events:   0
<6>[    2.278015] ... event mask:             000000000000000f
<4>[    2.285426] NMI watchdog: disabled (cpu0): hardware events not enabled
<6>[    2.285436] NMI watchdog: Shutting down hard lockup detector on all cpus
<6>[    2.300804] Disabled fast string operations
<6>[    2.337088] Disabled fast string operations
<6>[    2.348740] smpboot: CPU 2 Converting physical 0 to logical die 1
<6>[    2.352539] Disabled fast string operations
<6>[    2.298545] smpboot: Booting Node   0, Processors  #1 #2 #3
<6>[    2.364590] Brought up 4 CPUs
<6>[    2.364592] smpboot: Max logical packages: 64
<6>[    2.364594] smpboot: Total of 4 processors activated (17664.04 BogoMIPS)
<6>[    2.373435] devtmpfs: initialized
<6>[    2.373525] x86/mm: Memory block size: 128MB
<6>[    2.375638] EVM: security.selinux
<6>[    2.375639] EVM: security.ima
<6>[    2.375640] EVM: security.capability
<6>[    2.376242] PM: Registering ACPI NVS region [mem 0xbfeff000-0xbfefffff] (4096 bytes)
<6>[    2.378483] atomic64 test passed for x86-64 platform with CX8 and with SSE
<6>[    2.378485] pinctrl core: initialized pinctrl subsystem
<6>[    2.378696] RTC time: 14:15:54, date: 10/05/23
<6>[    2.379278] NET: Registered protocol family 16
<6>[    2.379987] ACPI: bus type PCI registered
<6>[    2.379989] acpiphp: ACPI Hot Plug PCI Controller Driver version: 0.5
<6>[    2.380526] PCI: MMCONFIG for domain 0000 [bus 00-7f] at [mem 0xf0000000-0xf7ffffff] (base 0xf0000000)
<6>[    2.380528] PCI: MMCONFIG at [mem 0xf0000000-0xf7ffffff] reserved in E820
<4>[    2.380530] pmd_set_huge: Cannot satisfy [mem 0xf0000000-0xf0200000] with a huge-page mapping due to MTRR override.
<6>[    2.381901] PCI: Using configuration type 1 for base access
<6>[    2.390412] ACPI: Added _OSI(Module Device)
<6>[    2.390414] ACPI: Added _OSI(Processor Device)
<6>[    2.390415] ACPI: Added _OSI(3.0 _SCP Extensions)
<6>[    2.390416] ACPI: Added _OSI(Processor Aggregator Device)
<6>[    2.390417] ACPI: Added _OSI(Linux-Dell-Video)
<7>[    2.394614] ACPI: EC: Look up EC in DSDT
<5>[    2.403611] ACPI: [Firmware Bug]: BIOS _OSI(Linux) query ignored
<6>[    2.448045] ACPI: Interpreter enabled
<6>[    2.448057] ACPI: (supports S0 S1 S4 S5)
<6>[    2.448058] ACPI: Using IOAPIC for interrupt routing
<6>[    2.448574] PCI: Using host bridge windows from ACPI; if necessary, use "pci=nocrs" and report a bug
<4>[    2.448926] ACPI: Enabled 4 GPEs in block 00 to 0F
<6>[    2.819527] ACPI: PCI Root Bridge [PCI0] (domain 0000 [bus 00-7f])
<6>[    2.819536] acpi PNP0A03:00: _OSC: OS supports [ExtendedConfig ASPM ClockPM Segments MSI]
<6>[    2.819711] acpi PNP0A03:00: _OSC: platform does not support [AER]
<6>[    2.819917] acpi PNP0A03:00: _OSC: OS now controls [PCIeHotplug SHPCHotplug PME PCIeCapability]
<6>[    2.823171] PCI host bridge to bus 0000:00
<6>[    2.823175] pci_bus 0000:00: root bus resource [mem 0x000a0000-0x000bffff window]
<6>[    2.823177] pci_bus 0000:00: root bus resource [mem 0x000cc000-0x000cffff window]
<6>[    2.823178] pci_bus 0000:00: root bus resource [mem 0x000d0000-0x000d3fff window]
<6>[    2.823179] pci_bus 0000:00: root bus resource [mem 0x000d4000-0x000d7fff window]
<6>[    2.823180] pci_bus 0000:00: root bus resource [mem 0x000d8000-0x000dbfff window]
<6>[    2.823182] pci_bus 0000:00: root bus resource [mem 0xc0000000-0xfebfffff window]
<6>[    2.823183] pci_bus 0000:00: root bus resource [io  0x0000-0x0cf7 window]
<6>[    2.823185] pci_bus 0000:00: root bus resource [io  0x0d00-0xfeff window]
<6>[    2.823186] pci_bus 0000:00: root bus resource [bus 00-7f]
<7>[    2.823279] pci 0000:00:00.0: [8086:7190] type 00 class 0x060000
<7>[    2.824722] pci 0000:00:01.0: [8086:7191] type 01 class 0x060400
<7>[    2.826223] pci 0000:00:07.0: [8086:7110] type 00 class 0x060100
<7>[    2.827770] pci 0000:00:07.1: [8086:7111] type 00 class 0x01018a
<7>[    2.830072] pci 0000:00:07.1: reg 0x20: [io  0x1060-0x106f]
<6>[    2.830839] pci 0000:00:07.1: legacy IDE quirk: reg 0x10: [io  0x01f0-0x01f7]
<6>[    2.830841] pci 0000:00:07.1: legacy IDE quirk: reg 0x14: [io  0x03f6]
<6>[    2.830842] pci 0000:00:07.1: legacy IDE quirk: reg 0x18: [io  0x0170-0x0177]
<6>[    2.830843] pci 0000:00:07.1: legacy IDE quirk: reg 0x1c: [io  0x0376]
<7>[    2.831299] pci 0000:00:07.3: [8086:7113] type 00 class 0x068000
<6>[    2.834058] pci 0000:00:07.3: quirk: [io  0x1000-0x103f] claimed by PIIX4 ACPI
<6>[    2.834087] pci 0000:00:07.3: quirk: [io  0x1040-0x104f] claimed by PIIX4 SMB
<7>[    2.834889] pci 0000:00:07.7: [15ad:0740] type 00 class 0x088000
<7>[    2.836176] pci 0000:00:07.7: reg 0x10: [io  0x1080-0x10bf]
<7>[    2.837217] pci 0000:00:07.7: reg 0x14: [mem 0xfebfe000-0xfebfffff 64bit]
<7>[    2.841751] pci 0000:00:0f.0: [15ad:0405] type 00 class 0x030000
<7>[    2.850627] pci 0000:00:0f.0: reg 0x10: [io  0x1070-0x107f]
<7>[    2.857711] pci 0000:00:0f.0: reg 0x14: [mem 0xe8000000-0xefffffff pref]
<7>[    2.865235] pci 0000:00:0f.0: reg 0x18: [mem 0xfe000000-0xfe7fffff]
<7>[    2.897328] pci 0000:00:0f.0: reg 0x30: [mem 0x00000000-0x00007fff pref]
<7>[    2.898699] pci 0000:00:10.0: [1000:0030] type 00 class 0x010000
<7>[    2.899699] pci 0000:00:10.0: reg 0x10: [io  0x1400-0x14ff]
<7>[    2.900537] pci 0000:00:10.0: reg 0x14: [mem 0xfeba0000-0xfebbffff 64bit]
<7>[    2.901649] pci 0000:00:10.0: reg 0x1c: [mem 0xfebc0000-0xfebdffff 64bit]
<7>[    2.902881] pci 0000:00:10.0: reg 0x30: [mem 0x00000000-0x00003fff pref]
<7>[    2.903809] pci 0000:00:11.0: [15ad:0790] type 01 class 0x060401
<6>[    2.905215] pci 0000:00:11.0: System wakeup disabled by ACPI
<7>[    2.905570] pci 0000:00:15.0: [15ad:07a0] type 01 class 0x060400
<7>[    2.907304] pci 0000:00:15.0: PME# supported from D0 D3hot D3cold
<6>[    2.907823] pci 0000:00:15.0: System wakeup disabled by ACPI
<7>[    2.908067] pci 0000:00:15.1: [15ad:07a0] type 01 class 0x060400
<7>[    2.909808] pci 0000:00:15.1: PME# supported from D0 D3hot D3cold
<6>[    2.910331] pci 0000:00:15.1: System wakeup disabled by ACPI
<7>[    2.910563] pci 0000:00:15.2: [15ad:07a0] type 01 class 0x060400
<7>[    2.912854] pci 0000:00:15.2: PME# supported from D0 D3hot D3cold
<6>[    2.913461] pci 0000:00:15.2: System wakeup disabled by ACPI
<7>[    2.913843] pci 0000:00:15.3: [15ad:07a0] type 01 class 0x060400
<7>[    2.916585] pci 0000:00:15.3: PME# supported from D0 D3hot D3cold
<6>[    2.917289] pci 0000:00:15.3: System wakeup disabled by ACPI
<7>[    2.917663] pci 0000:00:15.4: [15ad:07a0] type 01 class 0x060400
<7>[    2.919843] pci 0000:00:15.4: PME# supported from D0 D3hot D3cold
<6>[    2.920385] pci 0000:00:15.4: System wakeup disabled by ACPI
<7>[    2.920808] pci 0000:00:15.5: [15ad:07a0] type 01 class 0x060400
<7>[    2.923920] pci 0000:00:15.5: PME# supported from D0 D3hot D3cold
<6>[    2.924736] pci 0000:00:15.5: System wakeup disabled by ACPI
<7>[    2.925144] pci 0000:00:15.6: [15ad:07a0] type 01 class 0x060400
<7>[    2.927961] pci 0000:00:15.6: PME# supported from D0 D3hot D3cold
<6>[    2.928678] pci 0000:00:15.6: System wakeup disabled by ACPI
<7>[    2.929290] pci 0000:00:15.7: [15ad:07a0] type 01 class 0x060400
<7>[    2.931006] pci 0000:00:15.7: PME# supported from D0 D3hot D3cold
<6>[    2.931573] pci 0000:00:15.7: System wakeup disabled by ACPI
<7>[    2.931851] pci 0000:00:16.0: [15ad:07a0] type 01 class 0x060400
<7>[    2.933621] pci 0000:00:16.0: PME# supported from D0 D3hot D3cold
<6>[    2.934070] pci 0000:00:16.0: System wakeup disabled by ACPI
<7>[    2.934320] pci 0000:00:16.1: [15ad:07a0] type 01 class 0x060400
<7>[    2.936012] pci 0000:00:16.1: PME# supported from D0 D3hot D3cold
<6>[    2.936500] pci 0000:00:16.1: System wakeup disabled by ACPI
<7>[    2.936854] pci 0000:00:16.2: [15ad:07a0] type 01 class 0x060400
<7>[    2.938430] pci 0000:00:16.2: PME# supported from D0 D3hot D3cold
<6>[    2.938939] pci 0000:00:16.2: System wakeup disabled by ACPI
<7>[    2.939222] pci 0000:00:16.3: [15ad:07a0] type 01 class 0x060400
<7>[    2.940862] pci 0000:00:16.3: PME# supported from D0 D3hot D3cold
<6>[    2.941286] pci 0000:00:16.3: System wakeup disabled by ACPI
<7>[    2.941823] pci 0000:00:16.4: [15ad:07a0] type 01 class 0x060400
<7>[    2.943478] pci 0000:00:16.4: PME# supported from D0 D3hot D3cold
<6>[    2.943916] pci 0000:00:16.4: System wakeup disabled by ACPI
<7>[    2.944150] pci 0000:00:16.5: [15ad:07a0] type 01 class 0x060400
<7>[    2.945831] pci 0000:00:16.5: PME# supported from D0 D3hot D3cold
<6>[    2.946304] pci 0000:00:16.5: System wakeup disabled by ACPI
<7>[    2.946534] pci 0000:00:16.6: [15ad:07a0] type 01 class 0x060400
<7>[    2.948174] pci 0000:00:16.6: PME# supported from D0 D3hot D3cold
<6>[    2.948611] pci 0000:00:16.6: System wakeup disabled by ACPI
<7>[    2.949022] pci 0000:00:16.7: [15ad:07a0] type 01 class 0x060400
<7>[    2.950685] pci 0000:00:16.7: PME# supported from D0 D3hot D3cold
<6>[    2.951116] pci 0000:00:16.7: System wakeup disabled by ACPI
<7>[    2.951505] pci 0000:00:17.0: [15ad:07a0] type 01 class 0x060400
<7>[    2.953137] pci 0000:00:17.0: PME# supported from D0 D3hot D3cold
<6>[    2.953562] pci 0000:00:17.0: System wakeup disabled by ACPI
<7>[    2.953879] pci 0000:00:17.1: [15ad:07a0] type 01 class 0x060400
<7>[    2.955433] pci 0000:00:17.1: PME# supported from D0 D3hot D3cold
<6>[    2.955983] pci 0000:00:17.1: System wakeup disabled by ACPI
<7>[    2.956214] pci 0000:00:17.2: [15ad:07a0] type 01 class 0x060400
<7>[    2.958035] pci 0000:00:17.2: PME# supported from D0 D3hot D3cold
<6>[    2.958633] pci 0000:00:17.2: System wakeup disabled by ACPI
<7>[    2.959016] pci 0000:00:17.3: [15ad:07a0] type 01 class 0x060400
<7>[    2.961187] pci 0000:00:17.3: PME# supported from D0 D3hot D3cold
<6>[    2.961770] pci 0000:00:17.3: System wakeup disabled by ACPI
<7>[    2.962132] pci 0000:00:17.4: [15ad:07a0] type 01 class 0x060400
<7>[    2.964000] pci 0000:00:17.4: PME# supported from D0 D3hot D3cold
<6>[    2.964503] pci 0000:00:17.4: System wakeup disabled by ACPI
<7>[    2.964740] pci 0000:00:17.5: [15ad:07a0] type 01 class 0x060400
<7>[    2.966384] pci 0000:00:17.5: PME# supported from D0 D3hot D3cold
<6>[    2.966867] pci 0000:00:17.5: System wakeup disabled by ACPI
<7>[    2.967099] pci 0000:00:17.6: [15ad:07a0] type 01 class 0x060400
<7>[    2.968730] pci 0000:00:17.6: PME# supported from D0 D3hot D3cold
<6>[    2.969210] pci 0000:00:17.6: System wakeup disabled by ACPI
<7>[    2.969695] pci 0000:00:17.7: [15ad:07a0] type 01 class 0x060400
<7>[    2.971353] pci 0000:00:17.7: PME# supported from D0 D3hot D3cold
<6>[    2.971796] pci 0000:00:17.7: System wakeup disabled by ACPI
<7>[    2.972087] pci 0000:00:18.0: [15ad:07a0] type 01 class 0x060400
<7>[    2.974669] pci 0000:00:18.0: PME# supported from D0 D3hot D3cold
<6>[    2.975203] pci 0000:00:18.0: System wakeup disabled by ACPI
<7>[    2.975507] pci 0000:00:18.1: [15ad:07a0] type 01 class 0x060400
<7>[    2.977348] pci 0000:00:18.1: PME# supported from D0 D3hot D3cold
<6>[    2.977843] pci 0000:00:18.1: System wakeup disabled by ACPI
<7>[    2.978079] pci 0000:00:18.2: [15ad:07a0] type 01 class 0x060400
<7>[    2.979730] pci 0000:00:18.2: PME# supported from D0 D3hot D3cold
<6>[    2.980166] pci 0000:00:18.2: System wakeup disabled by ACPI
<7>[    2.980439] pci 0000:00:18.3: [15ad:07a0] type 01 class 0x060400
<7>[    2.982083] pci 0000:00:18.3: PME# supported from D0 D3hot D3cold
<6>[    2.982609] pci 0000:00:18.3: System wakeup disabled by ACPI
<7>[    2.983403] pci 0000:00:18.4: [15ad:07a0] type 01 class 0x060400
<7>[    2.985371] pci 0000:00:18.4: PME# supported from D0 D3hot D3cold
<6>[    2.985816] pci 0000:00:18.4: System wakeup disabled by ACPI
<7>[    2.986055] pci 0000:00:18.5: [15ad:07a0] type 01 class 0x060400
<7>[    2.987747] pci 0000:00:18.5: PME# supported from D0 D3hot D3cold
<6>[    2.988220] pci 0000:00:18.5: System wakeup disabled by ACPI
<7>[    2.988546] pci 0000:00:18.6: [15ad:07a0] type 01 class 0x060400
<7>[    2.990266] pci 0000:00:18.6: PME# supported from D0 D3hot D3cold
<6>[    2.990815] pci 0000:00:18.6: System wakeup disabled by ACPI
<7>[    2.991292] pci 0000:00:18.7: [15ad:07a0] type 01 class 0x060400
<7>[    2.993122] pci 0000:00:18.7: PME# supported from D0 D3hot D3cold
<6>[    2.993655] pci 0000:00:18.7: System wakeup disabled by ACPI
<6>[    2.995287] pci 0000:00:01.0: PCI bridge to [bus 01]
<6>[    2.996166] acpiphp: Slot [32] registered
<6>[    2.996250] acpiphp: Slot [33] registered
<6>[    2.996334] acpiphp: Slot [34] registered
<6>[    2.996426] acpiphp: Slot [35] registered
<6>[    2.996907] acpiphp: Slot [36] registered
<6>[    2.997053] acpiphp: Slot [37] registered
<6>[    2.997157] acpiphp: Slot [38] registered
<6>[    2.997249] acpiphp: Slot [39] registered
<6>[    2.997335] acpiphp: Slot [40] registered
<6>[    2.997420] acpiphp: Slot [41] registered
<6>[    2.997506] acpiphp: Slot [42] registered
<6>[    2.997592] acpiphp: Slot [43] registered
<6>[    2.997677] acpiphp: Slot [44] registered
<6>[    2.997770] acpiphp: Slot [45] registered
<6>[    2.997857] acpiphp: Slot [46] registered
<6>[    2.997942] acpiphp: Slot [47] registered
<6>[    2.998028] acpiphp: Slot [48] registered
<6>[    2.998172] acpiphp: Slot [49] registered
<6>[    2.998259] acpiphp: Slot [50] registered
<6>[    2.998344] acpiphp: Slot [51] registered
<6>[    2.998429] acpiphp: Slot [52] registered
<6>[    2.998514] acpiphp: Slot [53] registered
<6>[    2.998600] acpiphp: Slot [54] registered
<6>[    2.998685] acpiphp: Slot [55] registered
<6>[    2.998839] acpiphp: Slot [56] registered
<6>[    2.998949] acpiphp: Slot [57] registered
<6>[    2.999035] acpiphp: Slot [58] registered
<6>[    2.999120] acpiphp: Slot [59] registered
<6>[    2.999205] acpiphp: Slot [60] registered
<6>[    2.999313] acpiphp: Slot [61] registered
<6>[    2.999399] acpiphp: Slot [62] registered
<6>[    2.999528] acpiphp: Slot [63] registered
<7>[    2.999691] pci 0000:02:00.0: [15ad:0774] type 00 class 0x0c0300
<7>[    3.001835] pci 0000:02:00.0: reg 0x20: [io  0x2080-0x209f]
<6>[    3.003367] pci 0000:02:00.0: System wakeup disabled by ACPI
<7>[    3.003556] pci 0000:02:01.0: [8086:100f] type 00 class 0x020000
<7>[    3.004768] pci 0000:02:01.0: reg 0x10: [mem 0xfd5c0000-0xfd5dffff 64bit]
<7>[    3.005760] pci 0000:02:01.0: reg 0x18: [mem 0xfdff0000-0xfdffffff 64bit]
<7>[    3.006337] pci 0000:02:01.0: reg 0x20: [io  0x2000-0x203f]
<7>[    3.007325] pci 0000:02:01.0: reg 0x30: [mem 0x00000000-0x0000ffff pref]
<7>[    3.008002] pci 0000:02:01.0: PME# supported from D0 D3hot D3cold
<6>[    3.008436] pci 0000:02:01.0: System wakeup disabled by ACPI
<7>[    3.008664] pci 0000:02:02.0: [1274:1371] type 00 class 0x040100
<7>[    3.009180] pci 0000:02:02.0: reg 0x10: [io  0x2040-0x207f]
<6>[    3.012634] pci 0000:02:02.0: System wakeup disabled by ACPI
<7>[    3.013244] pci 0000:02:03.0: [15ad:0770] type 00 class 0x0c0320
<7>[    3.014143] pci 0000:02:03.0: reg 0x10: [mem 0xfd5ef000-0xfd5effff]
<6>[    3.017672] pci 0000:02:03.0: System wakeup disabled by ACPI
<6>[    3.018432] pci 0000:00:11.0: PCI bridge to [bus 02] (subtractive decode)
<7>[    3.018462] pci 0000:00:11.0:   bridge window [io  0x2000-0x3fff]
<7>[    3.018508] pci 0000:00:11.0:   bridge window [mem 0xfd500000-0xfdffffff]
<7>[    3.018597] pci 0000:00:11.0:   bridge window [mem 0xe7b00000-0xe7ffffff 64bit pref]
<7>[    3.018600] pci 0000:00:11.0:   bridge window [mem 0x000a0000-0x000bffff window] (subtractive decode)
<7>[    3.018601] pci 0000:00:11.0:   bridge window [mem 0x000cc000-0x000cffff window] (subtractive decode)
<7>[    3.018603] pci 0000:00:11.0:   bridge window [mem 0x000d0000-0x000d3fff window] (subtractive decode)
<7>[    3.018604] pci 0000:00:11.0:   bridge window [mem 0x000d4000-0x000d7fff window] (subtractive decode)
<7>[    3.018605] pci 0000:00:11.0:   bridge window [mem 0x000d8000-0x000dbfff window] (subtractive decode)
<7>[    3.018606] pci 0000:00:11.0:   bridge window [mem 0xc0000000-0xfebfffff window] (subtractive decode)
<7>[    3.018608] pci 0000:00:11.0:   bridge window [io  0x0000-0x0cf7 window] (subtractive decode)
<7>[    3.018609] pci 0000:00:11.0:   bridge window [io  0x0d00-0xfeff window] (subtractive decode)
<6>[    3.019419] pci 0000:00:15.0: PCI bridge to [bus 03]
<7>[    3.019448] pci 0000:00:15.0:   bridge window [io  0x4000-0x4fff]
<7>[    3.019495] pci 0000:00:15.0:   bridge window [mem 0xfd400000-0xfd4fffff]
<7>[    3.019586] pci 0000:00:15.0:   bridge window [mem 0xe7a00000-0xe7afffff 64bit pref]
<6>[    3.020371] pci 0000:00:15.1: PCI bridge to [bus 04]
<7>[    3.020399] pci 0000:00:15.1:   bridge window [io  0x8000-0x8fff]
<7>[    3.020445] pci 0000:00:15.1:   bridge window [mem 0xfd000000-0xfd0fffff]
<7>[    3.020533] pci 0000:00:15.1:   bridge window [mem 0xe7600000-0xe76fffff 64bit pref]
<6>[    3.021181] pci 0000:00:15.2: PCI bridge to [bus 05]
<7>[    3.021209] pci 0000:00:15.2:   bridge window [io  0xc000-0xcfff]
<7>[    3.021255] pci 0000:00:15.2:   bridge window [mem 0xfcc00000-0xfccfffff]
<7>[    3.021352] pci 0000:00:15.2:   bridge window [mem 0xe7200000-0xe72fffff 64bit pref]
<6>[    3.022045] pci 0000:00:15.3: PCI bridge to [bus 06]
<7>[    3.022116] pci 0000:00:15.3:   bridge window [mem 0xfc800000-0xfc8fffff]
<7>[    3.022204] pci 0000:00:15.3:   bridge window [mem 0xe6e00000-0xe6efffff 64bit pref]
<6>[    3.022943] pci 0000:00:15.4: PCI bridge to [bus 07]
<7>[    3.023013] pci 0000:00:15.4:   bridge window [mem 0xfc400000-0xfc4fffff]
<7>[    3.023101] pci 0000:00:15.4:   bridge window [mem 0xe6a00000-0xe6afffff 64bit pref]
<6>[    3.023754] pci 0000:00:15.5: PCI bridge to [bus 08]
<7>[    3.023831] pci 0000:00:15.5:   bridge window [mem 0xfc000000-0xfc0fffff]
<7>[    3.023920] pci 0000:00:15.5:   bridge window [mem 0xe6600000-0xe66fffff 64bit pref]
<6>[    3.024741] pci 0000:00:15.6: PCI bridge to [bus 09]
<7>[    3.024812] pci 0000:00:15.6:   bridge window [mem 0xfbc00000-0xfbcfffff]
<7>[    3.024901] pci 0000:00:15.6:   bridge window [mem 0xe6200000-0xe62fffff 64bit pref]
<6>[    3.025593] pci 0000:00:15.7: PCI bridge to [bus 0a]
<7>[    3.025664] pci 0000:00:15.7:   bridge window [mem 0xfb800000-0xfb8fffff]
<7>[    3.025753] pci 0000:00:15.7:   bridge window [mem 0xe5e00000-0xe5efffff 64bit pref]
<6>[    3.026407] pci 0000:00:16.0: PCI bridge to [bus 0b]
<7>[    3.026436] pci 0000:00:16.0:   bridge window [io  0x5000-0x5fff]
<7>[    3.026572] pci 0000:00:16.0:   bridge window [mem 0xfd300000-0xfd3fffff]
<7>[    3.026661] pci 0000:00:16.0:   bridge window [mem 0xe7900000-0xe79fffff 64bit pref]
<6>[    3.027351] pci 0000:00:16.1: PCI bridge to [bus 0c]
<7>[    3.027379] pci 0000:00:16.1:   bridge window [io  0x9000-0x9fff]
<7>[    3.027425] pci 0000:00:16.1:   bridge window [mem 0xfcf00000-0xfcffffff]
<7>[    3.027513] pci 0000:00:16.1:   bridge window [mem 0xe7500000-0xe75fffff 64bit pref]
<6>[    3.028163] pci 0000:00:16.2: PCI bridge to [bus 0d]
<7>[    3.028191] pci 0000:00:16.2:   bridge window [io  0xd000-0xdfff]
<7>[    3.028236] pci 0000:00:16.2:   bridge window [mem 0xfcb00000-0xfcbfffff]
<7>[    3.028324] pci 0000:00:16.2:   bridge window [mem 0xe7100000-0xe71fffff 64bit pref]
<6>[    3.029057] pci 0000:00:16.3: PCI bridge to [bus 0e]
<7>[    3.029128] pci 0000:00:16.3:   bridge window [mem 0xfc700000-0xfc7fffff]
<7>[    3.029216] pci 0000:00:16.3:   bridge window [mem 0xe6d00000-0xe6dfffff 64bit pref]
<6>[    3.029902] pci 0000:00:16.4: PCI bridge to [bus 0f]
<7>[    3.029972] pci 0000:00:16.4:   bridge window [mem 0xfc300000-0xfc3fffff]
<7>[    3.030060] pci 0000:00:16.4:   bridge window [mem 0xe6900000-0xe69fffff 64bit pref]
<6>[    3.030887] pci 0000:00:16.5: PCI bridge to [bus 10]
<7>[    3.030957] pci 0000:00:16.5:   bridge window [mem 0xfbf00000-0xfbffffff]
<7>[    3.031045] pci 0000:00:16.5:   bridge window [mem 0xe6500000-0xe65fffff 64bit pref]
<6>[    3.031711] pci 0000:00:16.6: PCI bridge to [bus 11]
<7>[    3.031781] pci 0000:00:16.6:   bridge window [mem 0xfbb00000-0xfbbfffff]
<7>[    3.031870] pci 0000:00:16.6:   bridge window [mem 0xe6100000-0xe61fffff 64bit pref]
<6>[    3.032768] pci 0000:00:16.7: PCI bridge to [bus 12]
<7>[    3.032841] pci 0000:00:16.7:   bridge window [mem 0xfb700000-0xfb7fffff]
<7>[    3.032931] pci 0000:00:16.7:   bridge window [mem 0xe5d00000-0xe5dfffff 64bit pref]
<6>[    3.033757] pci 0000:00:17.0: PCI bridge to [bus 13]
<7>[    3.033790] pci 0000:00:17.0:   bridge window [io  0x6000-0x6fff]
<7>[    3.033840] pci 0000:00:17.0:   bridge window [mem 0xfd200000-0xfd2fffff]
<7>[    3.033937] pci 0000:00:17.0:   bridge window [mem 0xe7800000-0xe78fffff 64bit pref]
<6>[    3.034643] pci 0000:00:17.1: PCI bridge to [bus 14]
<7>[    3.034671] pci 0000:00:17.1:   bridge window [io  0xa000-0xafff]
<7>[    3.034717] pci 0000:00:17.1:   bridge window [mem 0xfce00000-0xfcefffff]
<7>[    3.034805] pci 0000:00:17.1:   bridge window [mem 0xe7400000-0xe74fffff 64bit pref]
<6>[    3.035508] pci 0000:00:17.2: PCI bridge to [bus 15]
<7>[    3.035536] pci 0000:00:17.2:   bridge window [io  0xe000-0xefff]
<7>[    3.035581] pci 0000:00:17.2:   bridge window [mem 0xfca00000-0xfcafffff]
<7>[    3.035753] pci 0000:00:17.2:   bridge window [mem 0xe7000000-0xe70fffff 64bit pref]
<6>[    3.036743] pci 0000:00:17.3: PCI bridge to [bus 16]
<7>[    3.036816] pci 0000:00:17.3:   bridge window [mem 0xfc600000-0xfc6fffff]
<7>[    3.036905] pci 0000:00:17.3:   bridge window [mem 0xe6c00000-0xe6cfffff 64bit pref]
<6>[    3.037560] pci 0000:00:17.4: PCI bridge to [bus 17]
<7>[    3.037631] pci 0000:00:17.4:   bridge window [mem 0xfc200000-0xfc2fffff]
<7>[    3.037821] pci 0000:00:17.4:   bridge window [mem 0xe6800000-0xe68fffff 64bit pref]
<6>[    3.038588] pci 0000:00:17.5: PCI bridge to [bus 18]
<7>[    3.038660] pci 0000:00:17.5:   bridge window [mem 0xfbe00000-0xfbefffff]
<7>[    3.038749] pci 0000:00:17.5:   bridge window [mem 0xe6400000-0xe64fffff 64bit pref]
<6>[    3.039403] pci 0000:00:17.6: PCI bridge to [bus 19]
<7>[    3.039474] pci 0000:00:17.6:   bridge window [mem 0xfba00000-0xfbafffff]
<7>[    3.039563] pci 0000:00:17.6:   bridge window [mem 0xe6000000-0xe60fffff 64bit pref]
<6>[    3.040366] pci 0000:00:17.7: PCI bridge to [bus 1a]
<7>[    3.040438] pci 0000:00:17.7:   bridge window [mem 0xfb600000-0xfb6fffff]
<7>[    3.040526] pci 0000:00:17.7:   bridge window [mem 0xe5c00000-0xe5cfffff 64bit pref]
<6>[    3.041225] pci 0000:00:18.0: PCI bridge to [bus 1b]
<7>[    3.041253] pci 0000:00:18.0:   bridge window [io  0x7000-0x7fff]
<7>[    3.041299] pci 0000:00:18.0:   bridge window [mem 0xfd100000-0xfd1fffff]
<7>[    3.041388] pci 0000:00:18.0:   bridge window [mem 0xe7700000-0xe77fffff 64bit pref]
<6>[    3.042111] pci 0000:00:18.1: PCI bridge to [bus 1c]
<7>[    3.042138] pci 0000:00:18.1:   bridge window [io  0xb000-0xbfff]
<7>[    3.042184] pci 0000:00:18.1:   bridge window [mem 0xfcd00000-0xfcdfffff]
<7>[    3.042273] pci 0000:00:18.1:   bridge window [mem 0xe7300000-0xe73fffff 64bit pref]
<6>[    3.042960] pci 0000:00:18.2: PCI bridge to [bus 1d]
<7>[    3.043031] pci 0000:00:18.2:   bridge window [mem 0xfc900000-0xfc9fffff]
<7>[    3.043120] pci 0000:00:18.2:   bridge window [mem 0xe6f00000-0xe6ffffff 64bit pref]
<6>[    3.043881] pci 0000:00:18.3: PCI bridge to [bus 1e]
<7>[    3.043953] pci 0000:00:18.3:   bridge window [mem 0xfc500000-0xfc5fffff]
<7>[    3.044041] pci 0000:00:18.3:   bridge window [mem 0xe6b00000-0xe6bfffff 64bit pref]
<6>[    3.044926] pci 0000:00:18.4: PCI bridge to [bus 1f]
<7>[    3.044997] pci 0000:00:18.4:   bridge window [mem 0xfc100000-0xfc1fffff]
<7>[    3.045086] pci 0000:00:18.4:   bridge window [mem 0xe6700000-0xe67fffff 64bit pref]
<6>[    3.045885] pci 0000:00:18.5: PCI bridge to [bus 20]
<7>[    3.045956] pci 0000:00:18.5:   bridge window [mem 0xfbd00000-0xfbdfffff]
<7>[    3.046044] pci 0000:00:18.5:   bridge window [mem 0xe6300000-0xe63fffff 64bit pref]
<6>[    3.046738] pci 0000:00:18.6: PCI bridge to [bus 21]
<7>[    3.046809] pci 0000:00:18.6:   bridge window [mem 0xfb900000-0xfb9fffff]
<7>[    3.046897] pci 0000:00:18.6:   bridge window [mem 0xe5f00000-0xe5ffffff 64bit pref]
<6>[    3.047609] pci 0000:00:18.7: PCI bridge to [bus 22]
<7>[    3.047680] pci 0000:00:18.7:   bridge window [mem 0xfb500000-0xfb5fffff]
<7>[    3.047768] pci 0000:00:18.7:   bridge window [mem 0xe5b00000-0xe5bfffff 64bit pref]
<6>[    3.053482] ACPI: PCI Interrupt Link [LNKA] (IRQs 3 4 5 6 7 *9 10 11 14 15)
<6>[    3.053579] ACPI: PCI Interrupt Link [LNKB] (IRQs 3 4 5 6 7 9 10 *11 14 15)
<6>[    3.053674] ACPI: PCI Interrupt Link [LNKC] (IRQs 3 4 5 6 7 9 *10 11 14 15)
<6>[    3.053768] ACPI: PCI Interrupt Link [LNKD] (IRQs 3 4 5 6 *7 9 10 11 14 15)
<6>[    3.181039] vgaarb: device added: PCI:0000:00:0f.0,decodes=io+mem,owns=io+mem,locks=none
<6>[    3.181049] vgaarb: loaded
<6>[    3.181050] vgaarb: bridge control possible 0000:00:0f.0
<5>[    3.181596] SCSI subsystem initialized
<6>[    3.181619] ACPI: bus type USB registered
<6>[    3.181632] usbcore: registered new interface driver usbfs
<6>[    3.181677] usbcore: registered new interface driver hub
<6>[    3.181790] usbcore: registered new device driver usb
<6>[    3.182726] EDAC MC: Ver: 3.0.0
<6>[    3.186994] PCI: Using ACPI for IRQ routing
<7>[    3.256035] PCI: pci_cache_line_size set to 64 bytes
<7>[    3.258246] e820: reserve RAM buffer [mem 0x0009ec00-0x0009ffff]
<7>[    3.258250] e820: reserve RAM buffer [mem 0xbfed0000-0xbfffffff]
<6>[    3.259116] NetLabel: Initializing
<6>[    3.259118] NetLabel:  domain hash size = 128
<6>[    3.259119] NetLabel:  protocols = UNLABELED CIPSOv4
<6>[    3.259278] NetLabel:  unlabeled traffic allowed by default
<6>[    3.260152] hpet0: at MMIO 0xfed00000, IRQs 2, 8, 0, 0, 0, 0, 0, 0, 0, 0, 0, 0, 0, 0, 0, 0
<6>[    3.260159] hpet0: 16 comparators, 64-bit 14.318180 MHz counter
<5>[    3.263481] amd_nb: Cannot enumerate AMD northbridges
<6>[    3.263678] Switched to clocksource hpet
<6>[    3.314174] pnp: PnP ACPI init
<6>[    3.314628] ACPI: bus type PNP registered
<6>[    3.314960] system 00:00: [io  0x1000-0x103f] could not be reserved
<6>[    3.314962] system 00:00: [io  0x1040-0x104f] has been reserved
<6>[    3.314964] system 00:00: [io  0x0cf0-0x0cf1] has been reserved
<7>[    3.314967] system 00:00: Plug and Play ACPI device, IDs PNP0c02 (active)
<7>[    3.315033] pnp 00:01: Plug and Play ACPI device, IDs PNP0b00 (active)
<7>[    3.315132] pnp 00:02: Plug and Play ACPI device, IDs PNP0303 (active)
<7>[    3.315190] pnp 00:03: Plug and Play ACPI device, IDs VMW0003 PNP0f13 (active)
<6>[    3.315394] system 00:04: [mem 0xfed00000-0xfed003ff] has been reserved
<7>[    3.315397] system 00:04: Plug and Play ACPI device, IDs PNP0103 PNP0c01 (active)
<7>[    3.317074] pnp 00:05: Plug and Play ACPI device, IDs PNP0501 (active)
<6>[    3.317685] system 00:06: [io  0xfce0-0xfcff] has been reserved
<6>[    3.317688] system 00:06: [mem 0xf0000000-0xf7ffffff] has been reserved
<6>[    3.317689] system 00:06: [mem 0xfe800000-0xfe9fffff] has been reserved
<7>[    3.317691] system 00:06: Plug and Play ACPI device, IDs PNP0c02 (active)
<6>[    3.503877] pnp: PnP ACPI: found 7 devices
<6>[    3.503882] ACPI: bus type PNP unregistered
<7>[    3.539503] pci 0000:00:15.3: bridge window [io  0x1000-0x0fff] to [bus 06] add_size 1000
<7>[    3.539509] pci 0000:00:15.4: bridge window [io  0x1000-0x0fff] to [bus 07] add_size 1000
<7>[    3.539512] pci 0000:00:15.5: bridge window [io  0x1000-0x0fff] to [bus 08] add_size 1000
<7>[    3.539514] pci 0000:00:15.6: bridge window [io  0x1000-0x0fff] to [bus 09] add_size 1000
<7>[    3.539516] pci 0000:00:15.7: bridge window [io  0x1000-0x0fff] to [bus 0a] add_size 1000
<7>[    3.539520] pci 0000:00:16.3: bridge window [io  0x1000-0x0fff] to [bus 0e] add_size 1000
<7>[    3.539522] pci 0000:00:16.4: bridge window [io  0x1000-0x0fff] to [bus 0f] add_size 1000
<7>[    3.539524] pci 0000:00:16.5: bridge window [io  0x1000-0x0fff] to [bus 10] add_size 1000
<7>[    3.539527] pci 0000:00:16.6: bridge window [io  0x1000-0x0fff] to [bus 11] add_size 1000
<7>[    3.539530] pci 0000:00:16.7: bridge window [io  0x1000-0x0fff] to [bus 12] add_size 1000
<7>[    3.539533] pci 0000:00:17.3: bridge window [io  0x1000-0x0fff] to [bus 16] add_size 1000
<7>[    3.539535] pci 0000:00:17.4: bridge window [io  0x1000-0x0fff] to [bus 17] add_size 1000
<7>[    3.539538] pci 0000:00:17.5: bridge window [io  0x1000-0x0fff] to [bus 18] add_size 1000
<7>[    3.539540] pci 0000:00:17.6: bridge window [io  0x1000-0x0fff] to [bus 19] add_size 1000
<7>[    3.539542] pci 0000:00:17.7: bridge window [io  0x1000-0x0fff] to [bus 1a] add_size 1000
<7>[    3.539546] pci 0000:00:18.2: bridge window [io  0x1000-0x0fff] to [bus 1d] add_size 1000
<7>[    3.539548] pci 0000:00:18.3: bridge window [io  0x1000-0x0fff] to [bus 1e] add_size 1000
<7>[    3.539551] pci 0000:00:18.4: bridge window [io  0x1000-0x0fff] to [bus 1f] add_size 1000
<7>[    3.539553] pci 0000:00:18.5: bridge window [io  0x1000-0x0fff] to [bus 20] add_size 1000
<7>[    3.539555] pci 0000:00:18.6: bridge window [io  0x1000-0x0fff] to [bus 21] add_size 1000
<7>[    3.539558] pci 0000:00:18.7: bridge window [io  0x1000-0x0fff] to [bus 22] add_size 1000
<7>[    3.539628] pci 0000:00:15.3: res[13]=[io  0x1000-0x0fff] res_to_dev_res add_size 1000 min_align 1000
<7>[    3.539631] pci 0000:00:15.3: res[13]=[io  0x1000-0x1fff] res_to_dev_res add_size 1000 min_align 1000
<7>[    3.539634] pci 0000:00:15.4: res[13]=[io  0x1000-0x0fff] res_to_dev_res add_size 1000 min_align 1000
<7>[    3.539637] pci 0000:00:15.4: res[13]=[io  0x1000-0x1fff] res_to_dev_res add_size 1000 min_align 1000
<7>[    3.539641] pci 0000:00:15.5: res[13]=[io  0x1000-0x0fff] res_to_dev_res add_size 1000 min_align 1000
<7>[    3.539644] pci 0000:00:15.5: res[13]=[io  0x1000-0x1fff] res_to_dev_res add_size 1000 min_align 1000
<7>[    3.539646] pci 0000:00:15.6: res[13]=[io  0x1000-0x0fff] res_to_dev_res add_size 1000 min_align 1000
<7>[    3.539648] pci 0000:00:15.6: res[13]=[io  0x1000-0x1fff] res_to_dev_res add_size 1000 min_align 1000
<7>[    3.539649] pci 0000:00:15.7: res[13]=[io  0x1000-0x0fff] res_to_dev_res add_size 1000 min_align 1000
<7>[    3.539650] pci 0000:00:15.7: res[13]=[io  0x1000-0x1fff] res_to_dev_res add_size 1000 min_align 1000
<7>[    3.539652] pci 0000:00:16.3: res[13]=[io  0x1000-0x0fff] res_to_dev_res add_size 1000 min_align 1000
<7>[    3.539653] pci 0000:00:16.3: res[13]=[io  0x1000-0x1fff] res_to_dev_res add_size 1000 min_align 1000
<7>[    3.539655] pci 0000:00:16.4: res[13]=[io  0x1000-0x0fff] res_to_dev_res add_size 1000 min_align 1000
<7>[    3.539656] pci 0000:00:16.4: res[13]=[io  0x1000-0x1fff] res_to_dev_res add_size 1000 min_align 1000
<7>[    3.539657] pci 0000:00:16.5: res[13]=[io  0x1000-0x0fff] res_to_dev_res add_size 1000 min_align 1000
<7>[    3.539659] pci 0000:00:16.5: res[13]=[io  0x1000-0x1fff] res_to_dev_res add_size 1000 min_align 1000
<7>[    3.539660] pci 0000:00:16.6: res[13]=[io  0x1000-0x0fff] res_to_dev_res add_size 1000 min_align 1000
<7>[    3.539662] pci 0000:00:16.6: res[13]=[io  0x1000-0x1fff] res_to_dev_res add_size 1000 min_align 1000
<7>[    3.539663] pci 0000:00:16.7: res[13]=[io  0x1000-0x0fff] res_to_dev_res add_size 1000 min_align 1000
<7>[    3.539664] pci 0000:00:16.7: res[13]=[io  0x1000-0x1fff] res_to_dev_res add_size 1000 min_align 1000
<7>[    3.539666] pci 0000:00:17.3: res[13]=[io  0x1000-0x0fff] res_to_dev_res add_size 1000 min_align 1000
<7>[    3.539667] pci 0000:00:17.3: res[13]=[io  0x1000-0x1fff] res_to_dev_res add_size 1000 min_align 1000
<7>[    3.539669] pci 0000:00:17.4: res[13]=[io  0x1000-0x0fff] res_to_dev_res add_size 1000 min_align 1000
<7>[    3.539670] pci 0000:00:17.4: res[13]=[io  0x1000-0x1fff] res_to_dev_res add_size 1000 min_align 1000
<7>[    3.539671] pci 0000:00:17.5: res[13]=[io  0x1000-0x0fff] res_to_dev_res add_size 1000 min_align 1000
<7>[    3.539673] pci 0000:00:17.5: res[13]=[io  0x1000-0x1fff] res_to_dev_res add_size 1000 min_align 1000
<7>[    3.539674] pci 0000:00:17.6: res[13]=[io  0x1000-0x0fff] res_to_dev_res add_size 1000 min_align 1000
<7>[    3.539675] pci 0000:00:17.6: res[13]=[io  0x1000-0x1fff] res_to_dev_res add_size 1000 min_align 1000
<7>[    3.539677] pci 0000:00:17.7: res[13]=[io  0x1000-0x0fff] res_to_dev_res add_size 1000 min_align 1000
<7>[    3.539678] pci 0000:00:17.7: res[13]=[io  0x1000-0x1fff] res_to_dev_res add_size 1000 min_align 1000
<7>[    3.539680] pci 0000:00:18.2: res[13]=[io  0x1000-0x0fff] res_to_dev_res add_size 1000 min_align 1000
<7>[    3.539681] pci 0000:00:18.2: res[13]=[io  0x1000-0x1fff] res_to_dev_res add_size 1000 min_align 1000
<7>[    3.539682] pci 0000:00:18.3: res[13]=[io  0x1000-0x0fff] res_to_dev_res add_size 1000 min_align 1000
<7>[    3.539684] pci 0000:00:18.3: res[13]=[io  0x1000-0x1fff] res_to_dev_res add_size 1000 min_align 1000
<7>[    3.539685] pci 0000:00:18.4: res[13]=[io  0x1000-0x0fff] res_to_dev_res add_size 1000 min_align 1000
<7>[    3.539686] pci 0000:00:18.4: res[13]=[io  0x1000-0x1fff] res_to_dev_res add_size 1000 min_align 1000
<7>[    3.539688] pci 0000:00:18.5: res[13]=[io  0x1000-0x0fff] res_to_dev_res add_size 1000 min_align 1000
<7>[    3.539689] pci 0000:00:18.5: res[13]=[io  0x1000-0x1fff] res_to_dev_res add_size 1000 min_align 1000
<7>[    3.539691] pci 0000:00:18.6: res[13]=[io  0x1000-0x0fff] res_to_dev_res add_size 1000 min_align 1000
<7>[    3.539692] pci 0000:00:18.6: res[13]=[io  0x1000-0x1fff] res_to_dev_res add_size 1000 min_align 1000
<7>[    3.539693] pci 0000:00:18.7: res[13]=[io  0x1000-0x0fff] res_to_dev_res add_size 1000 min_align 1000
<7>[    3.539695] pci 0000:00:18.7: res[13]=[io  0x1000-0x1fff] res_to_dev_res add_size 1000 min_align 1000
<6>[    3.539700] pci 0000:00:0f.0: BAR 6: assigned [mem 0xc0000000-0xc0007fff pref]
<6>[    3.539702] pci 0000:00:10.0: BAR 6: assigned [mem 0xc0008000-0xc000bfff pref]
<6>[    3.539706] pci 0000:00:15.3: BAR 13: no space for [io  size 0x1000]
<6>[    3.539708] pci 0000:00:15.3: BAR 13: failed to assign [io  size 0x1000]
<6>[    3.539711] pci 0000:00:15.4: BAR 13: no space for [io  size 0x1000]
<6>[    3.539712] pci 0000:00:15.4: BAR 13: failed to assign [io  size 0x1000]
<6>[    3.539714] pci 0000:00:15.5: BAR 13: no space for [io  size 0x1000]
<6>[    3.539715] pci 0000:00:15.5: BAR 13: failed to assign [io  size 0x1000]
<6>[    3.539717] pci 0000:00:15.6: BAR 13: no space for [io  size 0x1000]
<6>[    3.539719] pci 0000:00:15.6: BAR 13: failed to assign [io  size 0x1000]
<6>[    3.539721] pci 0000:00:15.7: BAR 13: no space for [io  size 0x1000]
<6>[    3.539722] pci 0000:00:15.7: BAR 13: failed to assign [io  size 0x1000]
<6>[    3.539724] pci 0000:00:16.3: BAR 13: no space for [io  size 0x1000]
<6>[    3.539725] pci 0000:00:16.3: BAR 13: failed to assign [io  size 0x1000]
<6>[    3.539727] pci 0000:00:16.4: BAR 13: no space for [io  size 0x1000]
<6>[    3.539728] pci 0000:00:16.4: BAR 13: failed to assign [io  size 0x1000]
<6>[    3.539760] pci 0000:00:16.5: BAR 13: no space for [io  size 0x1000]
<6>[    3.539761] pci 0000:00:16.5: BAR 13: failed to assign [io  size 0x1000]
<6>[    3.539763] pci 0000:00:16.6: BAR 13: no space for [io  size 0x1000]
<6>[    3.539765] pci 0000:00:16.6: BAR 13: failed to assign [io  size 0x1000]
<6>[    3.539767] pci 0000:00:16.7: BAR 13: no space for [io  size 0x1000]
<6>[    3.539768] pci 0000:00:16.7: BAR 13: failed to assign [io  size 0x1000]
<6>[    3.539770] pci 0000:00:17.3: BAR 13: no space for [io  size 0x1000]
<6>[    3.539771] pci 0000:00:17.3: BAR 13: failed to assign [io  size 0x1000]
<6>[    3.539773] pci 0000:00:17.4: BAR 13: no space for [io  size 0x1000]
<6>[    3.539774] pci 0000:00:17.4: BAR 13: failed to assign [io  size 0x1000]
<6>[    3.539776] pci 0000:00:17.5: BAR 13: no space for [io  size 0x1000]
<6>[    3.539777] pci 0000:00:17.5: BAR 13: failed to assign [io  size 0x1000]
<6>[    3.539779] pci 0000:00:17.6: BAR 13: no space for [io  size 0x1000]
<6>[    3.539780] pci 0000:00:17.6: BAR 13: failed to assign [io  size 0x1000]
<6>[    3.539782] pci 0000:00:17.7: BAR 13: no space for [io  size 0x1000]
<6>[    3.539783] pci 0000:00:17.7: BAR 13: failed to assign [io  size 0x1000]
<6>[    3.539785] pci 0000:00:18.2: BAR 13: no space for [io  size 0x1000]
<6>[    3.539786] pci 0000:00:18.2: BAR 13: failed to assign [io  size 0x1000]
<6>[    3.539788] pci 0000:00:18.3: BAR 13: no space for [io  size 0x1000]
<6>[    3.539789] pci 0000:00:18.3: BAR 13: failed to assign [io  size 0x1000]
<6>[    3.539791] pci 0000:00:18.4: BAR 13: no space for [io  size 0x1000]
<6>[    3.539792] pci 0000:00:18.4: BAR 13: failed to assign [io  size 0x1000]
<6>[    3.539794] pci 0000:00:18.5: BAR 13: no space for [io  size 0x1000]
<6>[    3.539795] pci 0000:00:18.5: BAR 13: failed to assign [io  size 0x1000]
<6>[    3.539797] pci 0000:00:18.6: BAR 13: no space for [io  size 0x1000]
<6>[    3.539799] pci 0000:00:18.6: BAR 13: failed to assign [io  size 0x1000]
<6>[    3.539800] pci 0000:00:18.7: BAR 13: no space for [io  size 0x1000]
<6>[    3.539802] pci 0000:00:18.7: BAR 13: failed to assign [io  size 0x1000]
<6>[    3.539807] pci 0000:00:18.7: BAR 13: no space for [io  size 0x1000]
<6>[    3.539808] pci 0000:00:18.7: BAR 13: failed to assign [io  size 0x1000]
<6>[    3.539810] pci 0000:00:18.6: BAR 13: no space for [io  size 0x1000]
<6>[    3.539811] pci 0000:00:18.6: BAR 13: failed to assign [io  size 0x1000]
<6>[    3.539813] pci 0000:00:18.5: BAR 13: no space for [io  size 0x1000]
<6>[    3.539814] pci 0000:00:18.5: BAR 13: failed to assign [io  size 0x1000]
<6>[    3.539816] pci 0000:00:18.4: BAR 13: no space for [io  size 0x1000]
<6>[    3.539817] pci 0000:00:18.4: BAR 13: failed to assign [io  size 0x1000]
<6>[    3.539819] pci 0000:00:18.3: BAR 13: no space for [io  size 0x1000]
<6>[    3.539820] pci 0000:00:18.3: BAR 13: failed to assign [io  size 0x1000]
<6>[    3.539822] pci 0000:00:18.2: BAR 13: no space for [io  size 0x1000]
<6>[    3.539824] pci 0000:00:18.2: BAR 13: failed to assign [io  size 0x1000]
<6>[    3.539825] pci 0000:00:17.7: BAR 13: no space for [io  size 0x1000]
<6>[    3.539827] pci 0000:00:17.7: BAR 13: failed to assign [io  size 0x1000]
<6>[    3.539828] pci 0000:00:17.6: BAR 13: no space for [io  size 0x1000]
<6>[    3.539830] pci 0000:00:17.6: BAR 13: failed to assign [io  size 0x1000]
<6>[    3.539832] pci 0000:00:17.5: BAR 13: no space for [io  size 0x1000]
<6>[    3.539833] pci 0000:00:17.5: BAR 13: failed to assign [io  size 0x1000]
<6>[    3.539835] pci 0000:00:17.4: BAR 13: no space for [io  size 0x1000]
<6>[    3.539836] pci 0000:00:17.4: BAR 13: failed to assign [io  size 0x1000]
<6>[    3.539838] pci 0000:00:17.3: BAR 13: no space for [io  size 0x1000]
<6>[    3.539839] pci 0000:00:17.3: BAR 13: failed to assign [io  size 0x1000]
<6>[    3.539841] pci 0000:00:16.7: BAR 13: no space for [io  size 0x1000]
<6>[    3.539842] pci 0000:00:16.7: BAR 13: failed to assign [io  size 0x1000]
<6>[    3.539844] pci 0000:00:16.6: BAR 13: no space for [io  size 0x1000]
<6>[    3.539845] pci 0000:00:16.6: BAR 13: failed to assign [io  size 0x1000]
<6>[    3.539847] pci 0000:00:16.5: BAR 13: no space for [io  size 0x1000]
<6>[    3.539848] pci 0000:00:16.5: BAR 13: failed to assign [io  size 0x1000]
<6>[    3.539850] pci 0000:00:16.4: BAR 13: no space for [io  size 0x1000]
<6>[    3.539851] pci 0000:00:16.4: BAR 13: failed to assign [io  size 0x1000]
<6>[    3.539853] pci 0000:00:16.3: BAR 13: no space for [io  size 0x1000]
<6>[    3.539854] pci 0000:00:16.3: BAR 13: failed to assign [io  size 0x1000]
<6>[    3.539856] pci 0000:00:15.7: BAR 13: no space for [io  size 0x1000]
<6>[    3.539857] pci 0000:00:15.7: BAR 13: failed to assign [io  size 0x1000]
<6>[    3.539859] pci 0000:00:15.6: BAR 13: no space for [io  size 0x1000]
<6>[    3.539860] pci 0000:00:15.6: BAR 13: failed to assign [io  size 0x1000]
<6>[    3.539862] pci 0000:00:15.5: BAR 13: no space for [io  size 0x1000]
<6>[    3.539863] pci 0000:00:15.5: BAR 13: failed to assign [io  size 0x1000]
<6>[    3.539865] pci 0000:00:15.4: BAR 13: no space for [io  size 0x1000]
<6>[    3.539866] pci 0000:00:15.4: BAR 13: failed to assign [io  size 0x1000]
<6>[    3.539868] pci 0000:00:15.3: BAR 13: no space for [io  size 0x1000]
<6>[    3.539869] pci 0000:00:15.3: BAR 13: failed to assign [io  size 0x1000]
<6>[    3.539873] pci 0000:00:01.0: PCI bridge to [bus 01]
<6>[    3.540589] pci 0000:02:01.0: BAR 6: assigned [mem 0xfd500000-0xfd50ffff pref]
<6>[    3.540593] pci 0000:00:11.0: PCI bridge to [bus 02]
<6>[    3.540634] pci 0000:00:11.0:   bridge window [io  0x2000-0x3fff]
<6>[    3.540771] pci 0000:00:11.0:   bridge window [mem 0xfd500000-0xfdffffff]
<6>[    3.540836] pci 0000:00:11.0:   bridge window [mem 0xe7b00000-0xe7ffffff 64bit pref]
<6>[    3.540963] pci 0000:00:15.0: PCI bridge to [bus 03]
<6>[    3.541002] pci 0000:00:15.0:   bridge window [io  0x4000-0x4fff]
<6>[    3.541279] pci 0000:00:15.0:   bridge window [mem 0xfd400000-0xfd4fffff]
<6>[    3.541342] pci 0000:00:15.0:   bridge window [mem 0xe7a00000-0xe7afffff 64bit pref]
<6>[    3.541472] pci 0000:00:15.1: PCI bridge to [bus 04]
<6>[    3.541519] pci 0000:00:15.1:   bridge window [io  0x8000-0x8fff]
<6>[    3.541588] pci 0000:00:15.1:   bridge window [mem 0xfd000000-0xfd0fffff]
<6>[    3.541634] pci 0000:00:15.1:   bridge window [mem 0xe7600000-0xe76fffff 64bit pref]
<6>[    3.541743] pci 0000:00:15.2: PCI bridge to [bus 05]
<6>[    3.541770] pci 0000:00:15.2:   bridge window [io  0xc000-0xcfff]
<6>[    3.541838] pci 0000:00:15.2:   bridge window [mem 0xfcc00000-0xfccfffff]
<6>[    3.541884] pci 0000:00:15.2:   bridge window [mem 0xe7200000-0xe72fffff 64bit pref]
<6>[    3.542000] pci 0000:00:15.3: PCI bridge to [bus 06]
<6>[    3.542069] pci 0000:00:15.3:   bridge window [mem 0xfc800000-0xfc8fffff]
<6>[    3.542116] pci 0000:00:15.3:   bridge window [mem 0xe6e00000-0xe6efffff 64bit pref]
<6>[    3.542223] pci 0000:00:15.4: PCI bridge to [bus 07]
<6>[    3.542291] pci 0000:00:15.4:   bridge window [mem 0xfc400000-0xfc4fffff]
<6>[    3.542337] pci 0000:00:15.4:   bridge window [mem 0xe6a00000-0xe6afffff 64bit pref]
<6>[    3.542443] pci 0000:00:15.5: PCI bridge to [bus 08]
<6>[    3.542512] pci 0000:00:15.5:   bridge window [mem 0xfc000000-0xfc0fffff]
<6>[    3.542787] pci 0000:00:15.5:   bridge window [mem 0xe6600000-0xe66fffff 64bit pref]
<6>[    3.542898] pci 0000:00:15.6: PCI bridge to [bus 09]
<6>[    3.542968] pci 0000:00:15.6:   bridge window [mem 0xfbc00000-0xfbcfffff]
<6>[    3.543013] pci 0000:00:15.6:   bridge window [mem 0xe6200000-0xe62fffff 64bit pref]
<6>[    3.543120] pci 0000:00:15.7: PCI bridge to [bus 0a]
<6>[    3.543189] pci 0000:00:15.7:   bridge window [mem 0xfb800000-0xfb8fffff]
<6>[    3.543235] pci 0000:00:15.7:   bridge window [mem 0xe5e00000-0xe5efffff 64bit pref]
<6>[    3.543351] pci 0000:00:16.0: PCI bridge to [bus 0b]
<6>[    3.543378] pci 0000:00:16.0:   bridge window [io  0x5000-0x5fff]
<6>[    3.543449] pci 0000:00:16.0:   bridge window [mem 0xfd300000-0xfd3fffff]
<6>[    3.543495] pci 0000:00:16.0:   bridge window [mem 0xe7900000-0xe79fffff 64bit pref]
<6>[    3.543602] pci 0000:00:16.1: PCI bridge to [bus 0c]
<6>[    3.543627] pci 0000:00:16.1:   bridge window [io  0x9000-0x9fff]
<6>[    3.543695] pci 0000:00:16.1:   bridge window [mem 0xfcf00000-0xfcffffff]
<6>[    3.543741] pci 0000:00:16.1:   bridge window [mem 0xe7500000-0xe75fffff 64bit pref]
<6>[    3.543849] pci 0000:00:16.2: PCI bridge to [bus 0d]
<6>[    3.543873] pci 0000:00:16.2:   bridge window [io  0xd000-0xdfff]
<6>[    3.543941] pci 0000:00:16.2:   bridge window [mem 0xfcb00000-0xfcbfffff]
<6>[    3.543987] pci 0000:00:16.2:   bridge window [mem 0xe7100000-0xe71fffff 64bit pref]
<6>[    3.544094] pci 0000:00:16.3: PCI bridge to [bus 0e]
<6>[    3.544162] pci 0000:00:16.3:   bridge window [mem 0xfc700000-0xfc7fffff]
<6>[    3.544225] pci 0000:00:16.3:   bridge window [mem 0xe6d00000-0xe6dfffff 64bit pref]
<6>[    3.544344] pci 0000:00:16.4: PCI bridge to [bus 0f]
<6>[    3.544421] pci 0000:00:16.4:   bridge window [mem 0xfc300000-0xfc3fffff]
<6>[    3.544638] pci 0000:00:16.4:   bridge window [mem 0xe6900000-0xe69fffff 64bit pref]
<6>[    3.544759] pci 0000:00:16.5: PCI bridge to [bus 10]
<6>[    3.544835] pci 0000:00:16.5:   bridge window [mem 0xfbf00000-0xfbffffff]
<6>[    3.544887] pci 0000:00:16.5:   bridge window [mem 0xe6500000-0xe65fffff 64bit pref]
<6>[    3.545006] pci 0000:00:16.6: PCI bridge to [bus 11]
<6>[    3.545082] pci 0000:00:16.6:   bridge window [mem 0xfbb00000-0xfbbfffff]
<6>[    3.545132] pci 0000:00:16.6:   bridge window [mem 0xe6100000-0xe61fffff 64bit pref]
<6>[    3.545268] pci 0000:00:16.7: PCI bridge to [bus 12]
<6>[    3.545337] pci 0000:00:16.7:   bridge window [mem 0xfb700000-0xfb7fffff]
<6>[    3.545525] pci 0000:00:16.7:   bridge window [mem 0xe5d00000-0xe5dfffff 64bit pref]
<6>[    3.545635] pci 0000:00:17.0: PCI bridge to [bus 13]
<6>[    3.545661] pci 0000:00:17.0:   bridge window [io  0x6000-0x6fff]
<6>[    3.545728] pci 0000:00:17.0:   bridge window [mem 0xfd200000-0xfd2fffff]
<6>[    3.545774] pci 0000:00:17.0:   bridge window [mem 0xe7800000-0xe78fffff 64bit pref]
<6>[    3.545883] pci 0000:00:17.1: PCI bridge to [bus 14]
<6>[    3.545909] pci 0000:00:17.1:   bridge window [io  0xa000-0xafff]
<6>[    3.545984] pci 0000:00:17.1:   bridge window [mem 0xfce00000-0xfcefffff]
<6>[    3.546030] pci 0000:00:17.1:   bridge window [mem 0xe7400000-0xe74fffff 64bit pref]
<6>[    3.546139] pci 0000:00:17.2: PCI bridge to [bus 15]
<6>[    3.546164] pci 0000:00:17.2:   bridge window [io  0xe000-0xefff]
<6>[    3.546232] pci 0000:00:17.2:   bridge window [mem 0xfca00000-0xfcafffff]
<6>[    3.546277] pci 0000:00:17.2:   bridge window [mem 0xe7000000-0xe70fffff 64bit pref]
<6>[    3.546515] pci 0000:00:17.3: PCI bridge to [bus 16]
<6>[    3.546583] pci 0000:00:17.3:   bridge window [mem 0xfc600000-0xfc6fffff]
<6>[    3.546629] pci 0000:00:17.3:   bridge window [mem 0xe6c00000-0xe6cfffff 64bit pref]
<6>[    3.546737] pci 0000:00:17.4: PCI bridge to [bus 17]
<6>[    3.546805] pci 0000:00:17.4:   bridge window [mem 0xfc200000-0xfc2fffff]
<6>[    3.546851] pci 0000:00:17.4:   bridge window [mem 0xe6800000-0xe68fffff 64bit pref]
<6>[    3.546958] pci 0000:00:17.5: PCI bridge to [bus 18]
<6>[    3.547026] pci 0000:00:17.5:   bridge window [mem 0xfbe00000-0xfbefffff]
<6>[    3.547072] pci 0000:00:17.5:   bridge window [mem 0xe6400000-0xe64fffff 64bit pref]
<6>[    3.547231] pci 0000:00:17.6: PCI bridge to [bus 19]
<6>[    3.547455] pci 0000:00:17.6:   bridge window [mem 0xfba00000-0xfbafffff]
<6>[    3.547504] pci 0000:00:17.6:   bridge window [mem 0xe6000000-0xe60fffff 64bit pref]
<6>[    3.547621] pci 0000:00:17.7: PCI bridge to [bus 1a]
<6>[    3.547695] pci 0000:00:17.7:   bridge window [mem 0xfb600000-0xfb6fffff]
<6>[    3.547744] pci 0000:00:17.7:   bridge window [mem 0xe5c00000-0xe5cfffff 64bit pref]
<6>[    3.547860] pci 0000:00:18.0: PCI bridge to [bus 1b]
<6>[    3.547887] pci 0000:00:18.0:   bridge window [io  0x7000-0x7fff]
<6>[    3.547960] pci 0000:00:18.0:   bridge window [mem 0xfd100000-0xfd1fffff]
<6>[    3.548009] pci 0000:00:18.0:   bridge window [mem 0xe7700000-0xe77fffff 64bit pref]
<6>[    3.548125] pci 0000:00:18.1: PCI bridge to [bus 1c]
<6>[    3.548152] pci 0000:00:18.1:   bridge window [io  0xb000-0xbfff]
<6>[    3.548240] pci 0000:00:18.1:   bridge window [mem 0xfcd00000-0xfcdfffff]
<6>[    3.548392] pci 0000:00:18.1:   bridge window [mem 0xe7300000-0xe73fffff 64bit pref]
<6>[    3.548499] pci 0000:00:18.2: PCI bridge to [bus 1d]
<6>[    3.548568] pci 0000:00:18.2:   bridge window [mem 0xfc900000-0xfc9fffff]
<6>[    3.548613] pci 0000:00:18.2:   bridge window [mem 0xe6f00000-0xe6ffffff 64bit pref]
<6>[    3.548729] pci 0000:00:18.3: PCI bridge to [bus 1e]
<6>[    3.548798] pci 0000:00:18.3:   bridge window [mem 0xfc500000-0xfc5fffff]
<6>[    3.548844] pci 0000:00:18.3:   bridge window [mem 0xe6b00000-0xe6bfffff 64bit pref]
<6>[    3.548952] pci 0000:00:18.4: PCI bridge to [bus 1f]
<6>[    3.549032] pci 0000:00:18.4:   bridge window [mem 0xfc100000-0xfc1fffff]
<6>[    3.549090] pci 0000:00:18.4:   bridge window [mem 0xe6700000-0xe67fffff 64bit pref]
<6>[    3.549209] pci 0000:00:18.5: PCI bridge to [bus 20]
<6>[    3.549470] pci 0000:00:18.5:   bridge window [mem 0xfbd00000-0xfbdfffff]
<6>[    3.549518] pci 0000:00:18.5:   bridge window [mem 0xe6300000-0xe63fffff 64bit pref]
<6>[    3.549677] pci 0000:00:18.6: PCI bridge to [bus 21]
<6>[    3.549748] pci 0000:00:18.6:   bridge window [mem 0xfb900000-0xfb9fffff]
<6>[    3.549795] pci 0000:00:18.6:   bridge window [mem 0xe5f00000-0xe5ffffff 64bit pref]
<6>[    3.549925] pci 0000:00:18.7: PCI bridge to [bus 22]
<6>[    3.550012] pci 0000:00:18.7:   bridge window [mem 0xfb500000-0xfb5fffff]
<6>[    3.550058] pci 0000:00:18.7:   bridge window [mem 0xe5b00000-0xe5bfffff 64bit pref]
<7>[    3.550324] pci_bus 0000:00: resource 4 [mem 0x000a0000-0x000bffff window]
<7>[    3.550326] pci_bus 0000:00: resource 5 [mem 0x000cc000-0x000cffff window]
<7>[    3.550328] pci_bus 0000:00: resource 6 [mem 0x000d0000-0x000d3fff window]
<7>[    3.550330] pci_bus 0000:00: resource 7 [mem 0x000d4000-0x000d7fff window]
<7>[    3.550332] pci_bus 0000:00: resource 8 [mem 0x000d8000-0x000dbfff window]
<7>[    3.550333] pci_bus 0000:00: resource 9 [mem 0xc0000000-0xfebfffff window]
<7>[    3.550335] pci_bus 0000:00: resource 10 [io  0x0000-0x0cf7 window]
<7>[    3.550337] pci_bus 0000:00: resource 11 [io  0x0d00-0xfeff window]
<7>[    3.550340] pci_bus 0000:02: resource 0 [io  0x2000-0x3fff]
<7>[    3.550342] pci_bus 0000:02: resource 1 [mem 0xfd500000-0xfdffffff]
<7>[    3.550344] pci_bus 0000:02: resource 2 [mem 0xe7b00000-0xe7ffffff 64bit pref]
<7>[    3.550346] pci_bus 0000:02: resource 4 [mem 0x000a0000-0x000bffff window]
<7>[    3.550347] pci_bus 0000:02: resource 5 [mem 0x000cc000-0x000cffff window]
<7>[    3.550349] pci_bus 0000:02: resource 6 [mem 0x000d0000-0x000d3fff window]
<7>[    3.550350] pci_bus 0000:02: resource 7 [mem 0x000d4000-0x000d7fff window]
<7>[    3.550352] pci_bus 0000:02: resource 8 [mem 0x000d8000-0x000dbfff window]
<7>[    3.550354] pci_bus 0000:02: resource 9 [mem 0xc0000000-0xfebfffff window]
<7>[    3.550355] pci_bus 0000:02: resource 10 [io  0x0000-0x0cf7 window]
<7>[    3.550357] pci_bus 0000:02: resource 11 [io  0x0d00-0xfeff window]
<7>[    3.550359] pci_bus 0000:03: resource 0 [io  0x4000-0x4fff]
<7>[    3.550361] pci_bus 0000:03: resource 1 [mem 0xfd400000-0xfd4fffff]
<7>[    3.550363] pci_bus 0000:03: resource 2 [mem 0xe7a00000-0xe7afffff 64bit pref]
<7>[    3.550365] pci_bus 0000:04: resource 0 [io  0x8000-0x8fff]
<7>[    3.550366] pci_bus 0000:04: resource 1 [mem 0xfd000000-0xfd0fffff]
<7>[    3.550368] pci_bus 0000:04: resource 2 [mem 0xe7600000-0xe76fffff 64bit pref]
<7>[    3.550370] pci_bus 0000:05: resource 0 [io  0xc000-0xcfff]
<7>[    3.550371] pci_bus 0000:05: resource 1 [mem 0xfcc00000-0xfccfffff]
<7>[    3.550373] pci_bus 0000:05: resource 2 [mem 0xe7200000-0xe72fffff 64bit pref]
<7>[    3.550375] pci_bus 0000:06: resource 1 [mem 0xfc800000-0xfc8fffff]
<7>[    3.550377] pci_bus 0000:06: resource 2 [mem 0xe6e00000-0xe6efffff 64bit pref]
<7>[    3.550379] pci_bus 0000:07: resource 1 [mem 0xfc400000-0xfc4fffff]
<7>[    3.550380] pci_bus 0000:07: resource 2 [mem 0xe6a00000-0xe6afffff 64bit pref]
<7>[    3.550382] pci_bus 0000:08: resource 1 [mem 0xfc000000-0xfc0fffff]
<7>[    3.550384] pci_bus 0000:08: resource 2 [mem 0xe6600000-0xe66fffff 64bit pref]
<7>[    3.550386] pci_bus 0000:09: resource 1 [mem 0xfbc00000-0xfbcfffff]
<7>[    3.550387] pci_bus 0000:09: resource 2 [mem 0xe6200000-0xe62fffff 64bit pref]
<7>[    3.550389] pci_bus 0000:0a: resource 1 [mem 0xfb800000-0xfb8fffff]
<7>[    3.550391] pci_bus 0000:0a: resource 2 [mem 0xe5e00000-0xe5efffff 64bit pref]
<7>[    3.550393] pci_bus 0000:0b: resource 0 [io  0x5000-0x5fff]
<7>[    3.550394] pci_bus 0000:0b: resource 1 [mem 0xfd300000-0xfd3fffff]
<7>[    3.550396] pci_bus 0000:0b: resource 2 [mem 0xe7900000-0xe79fffff 64bit pref]
<7>[    3.550398] pci_bus 0000:0c: resource 0 [io  0x9000-0x9fff]
<7>[    3.550399] pci_bus 0000:0c: resource 1 [mem 0xfcf00000-0xfcffffff]
<7>[    3.550401] pci_bus 0000:0c: resource 2 [mem 0xe7500000-0xe75fffff 64bit pref]
<7>[    3.550403] pci_bus 0000:0d: resource 0 [io  0xd000-0xdfff]
<7>[    3.550405] pci_bus 0000:0d: resource 1 [mem 0xfcb00000-0xfcbfffff]
<7>[    3.550406] pci_bus 0000:0d: resource 2 [mem 0xe7100000-0xe71fffff 64bit pref]
<7>[    3.550408] pci_bus 0000:0e: resource 1 [mem 0xfc700000-0xfc7fffff]
<7>[    3.550410] pci_bus 0000:0e: resource 2 [mem 0xe6d00000-0xe6dfffff 64bit pref]
<7>[    3.550412] pci_bus 0000:0f: resource 1 [mem 0xfc300000-0xfc3fffff]
<7>[    3.550413] pci_bus 0000:0f: resource 2 [mem 0xe6900000-0xe69fffff 64bit pref]
<7>[    3.550415] pci_bus 0000:10: resource 1 [mem 0xfbf00000-0xfbffffff]
<7>[    3.550417] pci_bus 0000:10: resource 2 [mem 0xe6500000-0xe65fffff 64bit pref]
<7>[    3.550418] pci_bus 0000:11: resource 1 [mem 0xfbb00000-0xfbbfffff]
<7>[    3.550420] pci_bus 0000:11: resource 2 [mem 0xe6100000-0xe61fffff 64bit pref]
<7>[    3.550422] pci_bus 0000:12: resource 1 [mem 0xfb700000-0xfb7fffff]
<7>[    3.550424] pci_bus 0000:12: resource 2 [mem 0xe5d00000-0xe5dfffff 64bit pref]
<7>[    3.550426] pci_bus 0000:13: resource 0 [io  0x6000-0x6fff]
<7>[    3.550427] pci_bus 0000:13: resource 1 [mem 0xfd200000-0xfd2fffff]
<7>[    3.550429] pci_bus 0000:13: resource 2 [mem 0xe7800000-0xe78fffff 64bit pref]
<7>[    3.550431] pci_bus 0000:14: resource 0 [io  0xa000-0xafff]
<7>[    3.550432] pci_bus 0000:14: resource 1 [mem 0xfce00000-0xfcefffff]
<7>[    3.550434] pci_bus 0000:14: resource 2 [mem 0xe7400000-0xe74fffff 64bit pref]
<7>[    3.550436] pci_bus 0000:15: resource 0 [io  0xe000-0xefff]
<7>[    3.550437] pci_bus 0000:15: resource 1 [mem 0xfca00000-0xfcafffff]
<7>[    3.550439] pci_bus 0000:15: resource 2 [mem 0xe7000000-0xe70fffff 64bit pref]
<7>[    3.550441] pci_bus 0000:16: resource 1 [mem 0xfc600000-0xfc6fffff]
<7>[    3.550442] pci_bus 0000:16: resource 2 [mem 0xe6c00000-0xe6cfffff 64bit pref]
<7>[    3.550444] pci_bus 0000:17: resource 1 [mem 0xfc200000-0xfc2fffff]
<7>[    3.550446] pci_bus 0000:17: resource 2 [mem 0xe6800000-0xe68fffff 64bit pref]
<7>[    3.550448] pci_bus 0000:18: resource 1 [mem 0xfbe00000-0xfbefffff]
<7>[    3.550450] pci_bus 0000:18: resource 2 [mem 0xe6400000-0xe64fffff 64bit pref]
<7>[    3.550453] pci_bus 0000:19: resource 1 [mem 0xfba00000-0xfbafffff]
<7>[    3.550455] pci_bus 0000:19: resource 2 [mem 0xe6000000-0xe60fffff 64bit pref]
<7>[    3.550458] pci_bus 0000:1a: resource 1 [mem 0xfb600000-0xfb6fffff]
<7>[    3.550459] pci_bus 0000:1a: resource 2 [mem 0xe5c00000-0xe5cfffff 64bit pref]
<7>[    3.550463] pci_bus 0000:1b: resource 0 [io  0x7000-0x7fff]
<7>[    3.550464] pci_bus 0000:1b: resource 1 [mem 0xfd100000-0xfd1fffff]
<7>[    3.550466] pci_bus 0000:1b: resource 2 [mem 0xe7700000-0xe77fffff 64bit pref]
<7>[    3.550469] pci_bus 0000:1c: resource 0 [io  0xb000-0xbfff]
<7>[    3.550471] pci_bus 0000:1c: resource 1 [mem 0xfcd00000-0xfcdfffff]
<7>[    3.550473] pci_bus 0000:1c: resource 2 [mem 0xe7300000-0xe73fffff 64bit pref]
<7>[    3.550475] pci_bus 0000:1d: resource 1 [mem 0xfc900000-0xfc9fffff]
<7>[    3.550477] pci_bus 0000:1d: resource 2 [mem 0xe6f00000-0xe6ffffff 64bit pref]
<7>[    3.550480] pci_bus 0000:1e: resource 1 [mem 0xfc500000-0xfc5fffff]
<7>[    3.550482] pci_bus 0000:1e: resource 2 [mem 0xe6b00000-0xe6bfffff 64bit pref]
<7>[    3.550485] pci_bus 0000:1f: resource 1 [mem 0xfc100000-0xfc1fffff]
<7>[    3.550486] pci_bus 0000:1f: resource 2 [mem 0xe6700000-0xe67fffff 64bit pref]
<7>[    3.550489] pci_bus 0000:20: resource 1 [mem 0xfbd00000-0xfbdfffff]
<7>[    3.550490] pci_bus 0000:20: resource 2 [mem 0xe6300000-0xe63fffff 64bit pref]
<7>[    3.550492] pci_bus 0000:21: resource 1 [mem 0xfb900000-0xfb9fffff]
<7>[    3.550494] pci_bus 0000:21: resource 2 [mem 0xe5f00000-0xe5ffffff 64bit pref]
<7>[    3.550496] pci_bus 0000:22: resource 1 [mem 0xfb500000-0xfb5fffff]
<7>[    3.550497] pci_bus 0000:22: resource 2 [mem 0xe5b00000-0xe5bfffff 64bit pref]
<6>[    3.550817] NET: Registered protocol family 2
<6>[    3.553803] TCP established hash table entries: 32768 (order: 6, 262144 bytes)
<6>[    3.555403] TCP bind hash table entries: 32768 (order: 7, 524288 bytes)
<6>[    3.558284] TCP: Hash tables configured (established 32768 bind 32768)
<6>[    3.559040] TCP: reno registered
<6>[    3.559058] UDP hash table entries: 2048 (order: 4, 65536 bytes)
<6>[    3.559916] UDP-Lite hash table entries: 2048 (order: 4, 65536 bytes)
<6>[    3.566333] NET: Registered protocol family 1
<6>[    3.566398] pci 0000:00:00.0: Limiting direct PCI/PCI transfers
<7>[    3.566605] pci 0000:00:0f.0: Boot video device
<7>[    3.569479] PCI: CLS mismatch (32 != 64), using 64 bytes
<6>[    3.571148] Unpacking initramfs...
<6>[    4.565032] Freeing initrd memory: 31056k freed
<6>[    4.567922] PCI-DMA: Using software bounce buffering for IO (SWIOTLB)
<6>[    4.567926] software IO TLB [mem 0xbbed0000-0xbfed0000] (64MB) mapped at [ffff8cdffbed0000-ffff8cdfffecffff]
<6>[    4.568156] RAPL PMU: API unit is 2^-32 Joules, 5 fixed counters, 10737418240 ms ovfl timer
<6>[    4.568158] RAPL PMU: hw unit of domain pp0-core 2^-0 Joules
<6>[    4.568159] RAPL PMU: hw unit of domain package 2^-0 Joules
<6>[    4.568160] RAPL PMU: hw unit of domain dram 2^-0 Joules
<6>[    4.568160] RAPL PMU: hw unit of domain pp1-gpu 2^-0 Joules
<6>[    4.568161] RAPL PMU: hw unit of domain psys 2^-0 Joules
<6>[    4.568468] Simple Boot Flag at 0x36 set to 0x80
<6>[    4.568808] Switched to clocksource tsc
<6>[    4.571577] sha1_ssse3: Using AVX2 optimized SHA-1 implementation
<6>[    4.572228] sha256_ssse3: Using AVX2 optimized SHA-256 implementation
<6>[    4.576413] futex hash table entries: 32768 (order: 9, 2097152 bytes)
<5>[    4.586338] Initialise system trusted keyring
<6>[    4.586424] audit: initializing netlink socket (disabled)
<5>[    4.586452] type=2000 audit(1696515354.854:1): initialized
<6>[    4.608085] HugeTLB registered 1 GB page size, pre-allocated 0 pages
<6>[    4.608087] HugeTLB registered 2 MB page size, pre-allocated 0 pages
<6>[    4.610656] zpool: loaded
<6>[    4.610663] zbud: loaded
<5>[    4.611440] VFS: Disk quotas dquot_6.5.2
<4>[    4.611518] Dquot-cache hash table entries: 512 (order 0, 4096 bytes)
<5>[    4.612677] Key type big_key registered
<7>[    4.612682] SELinux:  Registering netfilter hooks
<6>[    4.623230] NET: Registered protocol family 38
<5>[    4.623235] Key type asymmetric registered
<5>[    4.623237] Asymmetric key parser 'x509' registered
<6>[    4.623273] Block layer SCSI generic (bsg) driver version 0.4 loaded (major 248)
<6>[    4.623568] io scheduler noop registered
<6>[    4.623570] io scheduler deadline registered (default)
<6>[    4.623595] io scheduler cfq registered
<6>[    4.623597] io scheduler mq-deadline registered
<6>[    4.623599] io scheduler kyber registered
<7>[    4.624247] pcieport 0000:00:15.0: irq 24 for MSI/MSI-X
<7>[    4.625816] pcieport 0000:00:15.1: irq 25 for MSI/MSI-X
<7>[    4.627156] pcieport 0000:00:15.2: irq 26 for MSI/MSI-X
<7>[    4.628512] pcieport 0000:00:15.3: irq 27 for MSI/MSI-X
<7>[    4.629785] pcieport 0000:00:15.4: irq 28 for MSI/MSI-X
